Archive member included to satisfy reference by file (symbol)

C:/ST/STM32CubeIDE_2.1.1/STM32CubeIDE/plugins/com.st.stm32cube.ide.mcu.externaltools.gnu-tools-for-stm32.14.3.rel1.win32_1.0.100.202602081740/tools/bin/../lib/gcc/arm-none-eabi/14.3.1/../../../../arm-none-eabi/lib/thumb/v6-m/nofp\libc_nano.a(libc_a-exit.o)
                              C:/ST/STM32CubeIDE_2.1.1/STM32CubeIDE/plugins/com.st.stm32cube.ide.mcu.externaltools.gnu-tools-for-stm32.14.3.rel1.win32_1.0.100.202602081740/tools/bin/../lib/gcc/arm-none-eabi/14.3.1/../../../../arm-none-eabi/lib/thumb/v6-m/nofp/crt0.o (exit)
C:/ST/STM32CubeIDE_2.1.1/STM32CubeIDE/plugins/com.st.stm32cube.ide.mcu.externaltools.gnu-tools-for-stm32.14.3.rel1.win32_1.0.100.202602081740/tools/bin/../lib/gcc/arm-none-eabi/14.3.1/../../../../arm-none-eabi/lib/thumb/v6-m/nofp\libc_nano.a(libc_a-findfp.o)
                              C:/ST/STM32CubeIDE_2.1.1/STM32CubeIDE/plugins/com.st.stm32cube.ide.mcu.externaltools.gnu-tools-for-stm32.14.3.rel1.win32_1.0.100.202602081740/tools/bin/../lib/gcc/arm-none-eabi/14.3.1/../../../../arm-none-eabi/lib/thumb/v6-m/nofp\libc_nano.a(libc_a-exit.o) (__stdio_exit_handler)
C:/ST/STM32CubeIDE_2.1.1/STM32CubeIDE/plugins/com.st.stm32cube.ide.mcu.externaltools.gnu-tools-for-stm32.14.3.rel1.win32_1.0.100.202602081740/tools/bin/../lib/gcc/arm-none-eabi/14.3.1/../../../../arm-none-eabi/lib/thumb/v6-m/nofp\libc_nano.a(libc_a-fwalk.o)
                              C:/ST/STM32CubeIDE_2.1.1/STM32CubeIDE/plugins/com.st.stm32cube.ide.mcu.externaltools.gnu-tools-for-stm32.14.3.rel1.win32_1.0.100.202602081740/tools/bin/../lib/gcc/arm-none-eabi/14.3.1/../../../../arm-none-eabi/lib/thumb/v6-m/nofp\libc_nano.a(libc_a-findfp.o) (_fwalk_sglue)
C:/ST/STM32CubeIDE_2.1.1/STM32CubeIDE/plugins/com.st.stm32cube.ide.mcu.externaltools.gnu-tools-for-stm32.14.3.rel1.win32_1.0.100.202602081740/tools/bin/../lib/gcc/arm-none-eabi/14.3.1/../../../../arm-none-eabi/lib/thumb/v6-m/nofp\libc_nano.a(libc_a-puts.o)
                              ./Src/uart.o (puts)
C:/ST/STM32CubeIDE_2.1.1/STM32CubeIDE/plugins/com.st.stm32cube.ide.mcu.externaltools.gnu-tools-for-stm32.14.3.rel1.win32_1.0.100.202602081740/tools/bin/../lib/gcc/arm-none-eabi/14.3.1/../../../../arm-none-eabi/lib/thumb/v6-m/nofp\libc_nano.a(libc_a-stdio.o)
                              C:/ST/STM32CubeIDE_2.1.1/STM32CubeIDE/plugins/com.st.stm32cube.ide.mcu.externaltools.gnu-tools-for-stm32.14.3.rel1.win32_1.0.100.202602081740/tools/bin/../lib/gcc/arm-none-eabi/14.3.1/../../../../arm-none-eabi/lib/thumb/v6-m/nofp\libc_nano.a(libc_a-findfp.o) (__sread)
C:/ST/STM32CubeIDE_2.1.1/STM32CubeIDE/plugins/com.st.stm32cube.ide.mcu.externaltools.gnu-tools-for-stm32.14.3.rel1.win32_1.0.100.202602081740/tools/bin/../lib/gcc/arm-none-eabi/14.3.1/../../../../arm-none-eabi/lib/thumb/v6-m/nofp\libc_nano.a(libc_a-wbuf.o)
                              C:/ST/STM32CubeIDE_2.1.1/STM32CubeIDE/plugins/com.st.stm32cube.ide.mcu.externaltools.gnu-tools-for-stm32.14.3.rel1.win32_1.0.100.202602081740/tools/bin/../lib/gcc/arm-none-eabi/14.3.1/../../../../arm-none-eabi/lib/thumb/v6-m/nofp\libc_nano.a(libc_a-puts.o) (__swbuf_r)
C:/ST/STM32CubeIDE_2.1.1/STM32CubeIDE/plugins/com.st.stm32cube.ide.mcu.externaltools.gnu-tools-for-stm32.14.3.rel1.win32_1.0.100.202602081740/tools/bin/../lib/gcc/arm-none-eabi/14.3.1/../../../../arm-none-eabi/lib/thumb/v6-m/nofp\libc_nano.a(libc_a-wsetup.o)
                              C:/ST/STM32CubeIDE_2.1.1/STM32CubeIDE/plugins/com.st.stm32cube.ide.mcu.externaltools.gnu-tools-for-stm32.14.3.rel1.win32_1.0.100.202602081740/tools/bin/../lib/gcc/arm-none-eabi/14.3.1/../../../../arm-none-eabi/lib/thumb/v6-m/nofp\libc_nano.a(libc_a-puts.o) (__swsetup_r)
C:/ST/STM32CubeIDE_2.1.1/STM32CubeIDE/plugins/com.st.stm32cube.ide.mcu.externaltools.gnu-tools-for-stm32.14.3.rel1.win32_1.0.100.202602081740/tools/bin/../lib/gcc/arm-none-eabi/14.3.1/../../../../arm-none-eabi/lib/thumb/v6-m/nofp\libc_nano.a(libc_a-memset.o)
                              C:/ST/STM32CubeIDE_2.1.1/STM32CubeIDE/plugins/com.st.stm32cube.ide.mcu.externaltools.gnu-tools-for-stm32.14.3.rel1.win32_1.0.100.202602081740/tools/bin/../lib/gcc/arm-none-eabi/14.3.1/../../../../arm-none-eabi/lib/thumb/v6-m/nofp/crt0.o (memset)
C:/ST/STM32CubeIDE_2.1.1/STM32CubeIDE/plugins/com.st.stm32cube.ide.mcu.externaltools.gnu-tools-for-stm32.14.3.rel1.win32_1.0.100.202602081740/tools/bin/../lib/gcc/arm-none-eabi/14.3.1/../../../../arm-none-eabi/lib/thumb/v6-m/nofp\libc_nano.a(libc_a-closer.o)
                              C:/ST/STM32CubeIDE_2.1.1/STM32CubeIDE/plugins/com.st.stm32cube.ide.mcu.externaltools.gnu-tools-for-stm32.14.3.rel1.win32_1.0.100.202602081740/tools/bin/../lib/gcc/arm-none-eabi/14.3.1/../../../../arm-none-eabi/lib/thumb/v6-m/nofp\libc_nano.a(libc_a-stdio.o) (_close_r)
[...]
Memory Configuration

Name             Origin             Length             Attributes
RAM              0x20000000         0x00009000         xrw
FLASH            0x08000000         0x00020000         xr
*default*        0x00000000         0xffffffff

Linker script and memory map

LOAD C:/ST/STM32CubeIDE_2.1.1/STM32CubeIDE/plugins/com.st.stm32cube.ide.mcu.externaltools.gnu-tools-for-stm32.14.3.rel1.win32_1.0.100.202602081740/tools/bin/../lib/gcc/arm-none-eabi/14.3.1/thumb/v6-m/nofp/crti.o
LOAD C:/ST/STM32CubeIDE_2.1.1/STM32CubeIDE/plugins/com.st.stm32cube.ide.mcu.externaltools.gnu-tools-for-stm32.14.3.rel1.win32_1.0.100.202602081740/tools/bin/../lib/gcc/arm-none-eabi/14.3.1/thumb/v6-m/nofp/crtbegin.o
LOAD C:/ST/STM32CubeIDE_2.1.1/STM32CubeIDE/plugins/com.st.stm32cube.ide.mcu.externaltools.gnu-tools-for-stm32.14.3.rel1.win32_1.0.100.202602081740/tools/bin/../lib/gcc/arm-none-eabi/14.3.1/../../../../arm-none-eabi/lib/thumb/v6-m/nofp/crt0.o
LOAD ./Src/06_SoftwareTimer.o
LOAD ./Src/syscalls.o
LOAD ./Src/sysmem.o
LOAD ./Src/uart.o
LOAD ./Src/FreeRTOS/Source/list.o
LOAD ./Src/FreeRTOS/Source/queue.o
LOAD ./Src/FreeRTOS/Source/tasks.o
LOAD ./Src/FreeRTOS/Source/timers.o
LOAD ./Src/FreeRTOS/Source/portable/GCC/ARM_CM0/port.o
LOAD ./Src/FreeRTOS/Source/portable/GCC/ARM_CM0/portasm.o
LOAD ./Src/FreeRTOS/Source/portable/MemMang/heap_2.o
LOAD ./Startup/startup_stm32g070rbtx.o
START GROUP
LOAD C:/ST/STM32CubeIDE_2.1.1/STM32CubeIDE/plugins/com.st.stm32cube.ide.mcu.externaltools.gnu-tools-for-stm32.14.3.rel1.win32_1.0.100.202602081740/tools/bin/../lib/gcc/arm-none-eabi/14.3.1/../../../../arm-none-eabi/lib/thumb/v6-m/nofp\libc_nano.a
LOAD C:/ST/STM32CubeIDE_2.1.1/STM32CubeIDE/plugins/com.st.stm32cube.ide.mcu.externaltools.gnu-tools-for-stm32.14.3.rel1.win32_1.0.100.202602081740/tools/bin/../lib/gcc/arm-none-eabi/14.3.1/../../../../arm-none-eabi/lib/thumb/v6-m/nofp\libm.a
END GROUP
START GROUP
LOAD C:/ST/STM32CubeIDE_2.1.1/STM32CubeIDE/plugins/com.st.stm32cube.ide.mcu.externaltools.gnu-tools-for-stm32.14.3.rel1.win32_1.0.100.202602081740/tools/bin/../lib/gcc/arm-none-eabi/14.3.1/thumb/v6-m/nofp\libgcc.a
LOAD C:/ST/STM32CubeIDE_2.1.1/STM32CubeIDE/plugins/com.st.stm32cube.ide.mcu.externaltools.gnu-tools-for-stm32.14.3.rel1.win32_1.0.100.202602081740/tools/bin/../lib/gcc/arm-none-eabi/14.3.1/../../../../arm-none-eabi/lib/thumb/v6-m/nofp\libc_nano.a
END GROUP
START GROUP
LOAD C:/ST/STM32CubeIDE_2.1.1/STM32CubeIDE/plugins/com.st.stm32cube.ide.mcu.externaltools.gnu-tools-for-stm32.14.3.rel1.win32_1.0.100.202602081740/tools/bin/../lib/gcc/arm-none-eabi/14.3.1/thumb/v6-m/nofp\libgcc.a
LOAD C:/ST/STM32CubeIDE_2.1.1/STM32CubeIDE/plugins/com.st.stm32cube.ide.mcu.externaltools.gnu-tools-for-stm32.14.3.rel1.win32_1.0.100.202602081740/tools/bin/../lib/gcc/arm-none-eabi/14.3.1/../../../../arm-none-eabi/lib/thumb/v6-m/nofp\libc_nano.a
LOAD C:/ST/STM32CubeIDE_2.1.1/STM32CubeIDE/plugins/com.st.stm32cube.ide.mcu.externaltools.gnu-tools-for-stm32.14.3.rel1.win32_1.0.100.202602081740/tools/bin/../lib/gcc/arm-none-eabi/14.3.1/../../../../arm-none-eabi/lib/thumb/v6-m/nofp\libnosys.a
END GROUP
START GROUP
LOAD C:/ST/STM32CubeIDE_2.1.1/STM32CubeIDE/plugins/com.st.stm32cube.ide.mcu.externaltools.gnu-tools-for-stm32.14.3.rel1.win32_1.0.100.202602081740/tools/bin/../lib/gcc/arm-none-eabi/14.3.1/thumb/v6-m/nofp\libgcc.a
LOAD C:/ST/STM32CubeIDE_2.1.1/STM32CubeIDE/plugins/com.st.stm32cube.ide.mcu.externaltools.gnu-tools-for-stm32.14.3.rel1.win32_1.0.100.202602081740/tools/bin/../lib/gcc/arm-none-eabi/14.3.1/../../../../arm-none-eabi/lib/thumb/v6-m/nofp\libc_nano.a
LOAD C:/ST/STM32CubeIDE_2.1.1/STM32CubeIDE/plugins/com.st.stm32cube.ide.mcu.externaltools.gnu-tools-for-stm32.14.3.rel1.win32_1.0.100.202602081740/tools/bin/../lib/gcc/arm-none-eabi/14.3.1/../../../../arm-none-eabi/lib/thumb/v6-m/nofp\libnosys.a
END GROUP
LOAD C:/ST/STM32CubeIDE_2.1.1/STM32CubeIDE/plugins/com.st.stm32cube.ide.mcu.externaltools.gnu-tools-for-stm32.14.3.rel1.win32_1.0.100.202602081740/tools/bin/../lib/gcc/arm-none-eabi/14.3.1/thumb/v6-m/nofp/crtend.o
LOAD C:/ST/STM32CubeIDE_2.1.1/STM32CubeIDE/plugins/com.st.stm32cube.ide.mcu.externaltools.gnu-tools-for-stm32.14.3.rel1.win32_1.0.100.202602081740/tools/bin/../lib/gcc/arm-none-eabi/14.3.1/thumb/v6-m/nofp/crtn.o
                0x20009000                        _estack = (ORIGIN (RAM) + LENGTH (RAM))
                0x00000200                        _Min_Heap_Size = 0x200
                0x00000400                        _Min_Stack_Size = 0x400

.isr_vector     0x08000000       0xbc
                0x08000000                        . = ALIGN (0x4)
 *(.isr_vector)
 .isr_vector    0x08000000       0xbc ./Startup/startup_stm32g070rbtx.o
                0x08000000                g_pfnVectors
                0x080000bc                        . = ALIGN (0x4)

.text           0x080000c0     0x2860
                0x080000c0                        . = ALIGN (0x4)
 *(.text)
 .text          0x080000c0       0x48 C:/ST/STM32CubeIDE_2.1.1/STM32CubeIDE/plugins/com.st.stm32cube.ide.mcu.externaltools.gnu-tools-for-stm32.14.3.rel1.win32_1.0.100.202602081740/tools/bin/../lib/gcc/arm-none-eabi/14.3.1/thumb/v6-m/nofp/crtbegin.o
 .text          0x08000108      0x114 C:/ST/STM32CubeIDE_2.1.1/STM32CubeIDE/plugins/com.st.stm32cube.ide.mcu.externaltools.gnu-tools-for-stm32.14.3.rel1.win32_1.0.100.202602081740/tools/bin/../lib/gcc/arm-none-eabi/14.3.1/thumb/v6-m/nofp\libgcc.a(_udivsi3.o)
                0x08000108                __aeabi_uidiv
                0x08000108                __udivsi3
                0x08000214                __aeabi_uidivmod
 .text          0x0800021c        0x4 C:/ST/STM32CubeIDE_2.1.1/STM32CubeIDE/plugins/com.st.stm32cube.ide.mcu.externaltools.gnu-tools-for-stm32.14.3.rel1.win32_1.0.100.202602081740/tools/bin/../lib/gcc/arm-none-eabi/14.3.1/thumb/v6-m/nofp\libgcc.a(_dvmd_tls.o)
                0x0800021c                __aeabi_idiv0
                0x0800021c                __aeabi_ldiv0
 *(.text*)
 .text.TimerCallback
                0x08000220       0x20 ./Src/06_SoftwareTimer.o
                0x08000220                TimerCallback
 .text.main     0x08000240       0x58 ./Src/06_SoftwareTimer.o
                0x08000240                main
 .text.vListInitialise
                0x08000298       0x3c ./Src/FreeRTOS/Source/list.o
                0x08000298                vListInitialise
 .text.vListInitialiseItem
                0x080002d4       0x16 ./Src/FreeRTOS/Source/list.o
                0x080002d4                vListInitialiseItem
 .text.vListInsert
                0x080002ea       0x6c ./Src/FreeRTOS/Source/list.o
                0x080002ea                vListInsert
 .text.uxListRemove
                0x08000356       0x50 ./Src/FreeRTOS/Source/list.o
                0x08000356                uxListRemove
 .text.xQueueGenericReset
                0x080003a6      0x116 ./Src/FreeRTOS/Source/queue.o
                0x080003a6                xQueueGenericReset
 .text.xQueueGenericCreate
                0x080004bc       0xbe ./Src/FreeRTOS/Source/queue.o
                0x080004bc                xQueueGenericCreate
 .text.prvInitialiseNewQueue
                0x0800057a       0x44 ./Src/FreeRTOS/Source/queue.o
 .text.xQueueGenericSend
                0x080005be      0x190 ./Src/FreeRTOS/Source/queue.o
                0x080005be                xQueueGenericSend
 .text.xQueueReceive
                0x0800074e      0x170 ./Src/FreeRTOS/Source/queue.o
                0x0800074e                xQueueReceive
 .text.prvCopyDataToQueue
                0x080008be       0xd6 ./Src/FreeRTOS/Source/queue.o
 .text.prvCopyDataFromQueue
                0x08000994       0x4c ./Src/FreeRTOS/Source/queue.o
 .text.prvUnlockQueue
                0x080009e0       0xbc ./Src/FreeRTOS/Source/queue.o
 .text.prvIsQueueEmpty
                0x08000a9c       0x2c ./Src/FreeRTOS/Source/queue.o
 .text.prvIsQueueFull
                0x08000ac8       0x30 ./Src/FreeRTOS/Source/queue.o
 .text.vQueueAddToRegistry
                0x08000af8       0x8c ./Src/FreeRTOS/Source/queue.o
                0x08000af8                vQueueAddToRegistry
 .text.vQueueWaitForMessageRestricted
                0x08000b84       0x66 ./Src/FreeRTOS/Source/queue.o
                0x08000b84                vQueueWaitForMessageRestricted
 .text.prvCreateTask
                0x08000bea       0x82 ./Src/FreeRTOS/Source/tasks.o
 .text.xTaskCreate
                0x08000c6c       0x4c ./Src/FreeRTOS/Source/tasks.o
                0x08000c6c                xTaskCreate
 .text.prvInitialiseNewTask
                0x08000cb8      0x11c ./Src/FreeRTOS/Source/tasks.o
 .text.prvAddNewTaskToReadyList
                0x08000dd4      0x118 ./Src/FreeRTOS/Source/tasks.o
 .text.prvCreateIdleTasks
                0x08000eec       0xb0 ./Src/FreeRTOS/Source/tasks.o
 .text.vTaskStartScheduler
                0x08000f9c       0x68 ./Src/FreeRTOS/Source/tasks.o
                0x08000f9c                vTaskStartScheduler
 .text.vTaskSuspendAll
                0x08001004       0x18 ./Src/FreeRTOS/Source/tasks.o
                0x08001004                vTaskSuspendAll
 .text.xTaskResumeAll
                0x0800101c      0x1ec ./Src/FreeRTOS/Source/tasks.o
                0x0800101c                xTaskResumeAll
 .text.xTaskGetTickCount
                0x08001208       0x1c ./Src/FreeRTOS/Source/tasks.o
                0x08001208                xTaskGetTickCount
 .text.xTaskIncrementTick
                0x08001224      0x21c ./Src/FreeRTOS/Source/tasks.o
                0x08001224                xTaskIncrementTick
 .text.vTaskSwitchContext
                0x08001440       0xa8 ./Src/FreeRTOS/Source/tasks.o
                0x08001440                vTaskSwitchContext
 .text.vTaskPlaceOnEventList
                0x080014e8       0x40 ./Src/FreeRTOS/Source/tasks.o
                0x080014e8                vTaskPlaceOnEventList
 .text.vTaskPlaceOnEventListRestricted
                0x08001528       0x80 ./Src/FreeRTOS/Source/tasks.o
                0x08001528                vTaskPlaceOnEventListRestricted
 .text.xTaskRemoveFromEventList
                0x080015a8      0x19c ./Src/FreeRTOS/Source/tasks.o
                0x080015a8                xTaskRemoveFromEventList
 .text.vTaskInternalSetTimeOutState
                0x08001744       0x28 ./Src/FreeRTOS/Source/tasks.o
                0x08001744                vTaskInternalSetTimeOutState
 .text.xTaskCheckForTimeOut
                0x0800176c       0xac ./Src/FreeRTOS/Source/tasks.o
                0x0800176c                xTaskCheckForTimeOut
 .text.vTaskMissedYield
                0x08001818       0x14 ./Src/FreeRTOS/Source/tasks.o
                0x08001818                vTaskMissedYield
 .text.prvIdleTask
                0x0800182c       0x20 ./Src/FreeRTOS/Source/tasks.o
 .text.prvInitialiseTaskLists
                0x0800184c       0x88 ./Src/FreeRTOS/Source/tasks.o
 .text.prvCheckTasksWaitingTermination
                0x080018d4       0x5c ./Src/FreeRTOS/Source/tasks.o
 .text.prvDeleteTCB
                0x08001930       0x22 ./Src/FreeRTOS/Source/tasks.o
 *fill*         0x08001952        0x2 
 .text.prvResetNextTaskUnblockTime
                0x08001954       0x34 ./Src/FreeRTOS/Source/tasks.o
 .text.xTaskGetSchedulerState
                0x08001988       0x38 ./Src/FreeRTOS/Source/tasks.o
                0x08001988                xTaskGetSchedulerState
 .text.xTaskPriorityDisinherit
                0x080019c0      0x10c ./Src/FreeRTOS/Source/tasks.o
                0x080019c0                xTaskPriorityDisinherit
 .text.prvAddCurrentTaskToDelayedList
                0x08001acc       0xe4 ./Src/FreeRTOS/Source/tasks.o
 .text.xTimerCreateTimerTask
                0x08001bb0       0x58 ./Src/FreeRTOS/Source/timers.o
                0x08001bb0                xTimerCreateTimerTask
 .text.xTimerCreate
                0x08001c08       0x46 ./Src/FreeRTOS/Source/timers.o
                0x08001c08                xTimerCreate
 .text.prvInitialiseNewTimer
                0x08001c4e       0x60 ./Src/FreeRTOS/Source/timers.o
 *fill*         0x08001cae        0x2 
 .text.xTimerGenericCommandFromTask
                0x08001cb0       0x88 ./Src/FreeRTOS/Source/timers.o
                0x08001cb0                xTimerGenericCommandFromTask
 .text.prvReloadTimer
                0x08001d38       0x42 ./Src/FreeRTOS/Source/timers.o
 *fill*         0x08001d7a        0x2 
 .text.prvProcessExpiredTimer
                0x08001d7c       0x64 ./Src/FreeRTOS/Source/timers.o
 .text.prvTimerTask
                0x08001de0       0x2a ./Src/FreeRTOS/Source/timers.o
 *fill*         0x08001e0a        0x2 
 .text.prvProcessTimerOrBlockTask
                0x08001e0c       0x90 ./Src/FreeRTOS/Source/timers.o
 .text.prvGetNextExpireTime
                0x08001e9c       0x44 ./Src/FreeRTOS/Source/timers.o
 .text.prvSampleTimeNow
                0x08001ee0       0x40 ./Src/FreeRTOS/Source/timers.o
 .text.prvInsertTimerInActiveList
                0x08001f20       0x84 ./Src/FreeRTOS/Source/timers.o
 .text.prvProcessReceivedCommands
                0x08001fa4      0x1a0 ./Src/FreeRTOS/Source/timers.o
 .text.prvSwitchTimerLists
                0x08002144       0x50 ./Src/FreeRTOS/Source/timers.o
 .text.prvCheckForValidListAndQueue
                0x08002194       0x74 ./Src/FreeRTOS/Source/timers.o
 .text.vPortSetupTimerInterrupt
                0x08002208       0x44 ./Src/FreeRTOS/Source/portable/GCC/ARM_CM0/port.o
                0x08002208                vPortSetupTimerInterrupt
 .text.prvTaskExitError
                0x0800224c       0x30 ./Src/FreeRTOS/Source/portable/GCC/ARM_CM0/port.o
 .text.vPortYield
                0x0800227c       0x20 ./Src/FreeRTOS/Source/portable/GCC/ARM_CM0/port.o
                0x0800227c                vPortYield
 .text.vPortEnterCritical
                0x0800229c       0x24 ./Src/FreeRTOS/Source/portable/GCC/ARM_CM0/port.o
                0x0800229c                vPortEnterCritical
 .text.vPortExitCritical
                0x080022c0       0x30 ./Src/FreeRTOS/Source/portable/GCC/ARM_CM0/port.o
                0x080022c0                vPortExitCritical
 .text.SysTick_Handler
                0x080022f0       0x34 ./Src/FreeRTOS/Source/portable/GCC/ARM_CM0/port.o
                0x080022f0                SysTick_Handler
 .text.vPortSVCHandler_C
                0x08002324       0x38 ./Src/FreeRTOS/Source/portable/GCC/ARM_CM0/port.o
                0x08002324                vPortSVCHandler_C
 .text.pxPortInitialiseStack
                0x0800235c      0x11c ./Src/FreeRTOS/Source/portable/GCC/ARM_CM0/port.o
                0x0800235c                pxPortInitialiseStack
 .text.xPortStartScheduler
                0x08002478       0x8c ./Src/FreeRTOS/Source/portable/GCC/ARM_CM0/port.o
                0x08002478                xPortStartScheduler
 *fill*         0x08002504        0xc 
 .text.vRestoreContextOfFirstTask
                0x08002510       0x28 ./Src/FreeRTOS/Source/portable/GCC/ARM_CM0/portasm.o
                0x08002510                vRestoreContextOfFirstTask
 *fill*         0x08002538        0x8 
 .text.vStartFirstTask
                0x08002540       0x14 ./Src/FreeRTOS/Source/portable/GCC/ARM_CM0/portasm.o
                0x08002540                vStartFirstTask
 .text.ulSetInterruptMask
                0x08002554        0xc ./Src/FreeRTOS/Source/portable/GCC/ARM_CM0/portasm.o
                0x08002554                ulSetInterruptMask
 .text.vClearInterruptMask
                0x08002560        0x8 ./Src/FreeRTOS/Source/portable/GCC/ARM_CM0/portasm.o
                0x08002560                vClearInterruptMask
 *fill*         0x08002568        0x8 
 .text.PendSV_Handler
                0x08002570       0x48 ./Src/FreeRTOS/Source/portable/GCC/ARM_CM0/portasm.o
                0x08002570                PendSV_Handler
 *fill*         0x080025b8        0x8 
 .text.SVC_Handler
                0x080025c0       0x28 ./Src/FreeRTOS/Source/portable/GCC/ARM_CM0/portasm.o
                0x080025c0                SVC_Handler
 .text.pvPortMalloc
                0x080025e8      0x164 ./Src/FreeRTOS/Source/portable/MemMang/heap_2.o
                0x080025e8                pvPortMalloc
 .text.vPortFree
                0x0800274c       0xac ./Src/FreeRTOS/Source/portable/MemMang/heap_2.o
                0x0800274c                vPortFree
 .text.prvHeapInit
                0x080027f8       0x50 ./Src/FreeRTOS/Source/portable/MemMang/heap_2.o
 .text.Reset_Handler
                0x08002848       0x50 ./Startup/startup_stm32g070rbtx.o
                0x08002848                Reset_Handler
 .text.Default_Handler
                0x08002898        0x2 ./Startup/startup_stm32g070rbtx.o
                0x08002898                TIM1_CC_IRQHandler
                0x08002898                HardFault_Handler
                0x08002898                RTC_STAMP_IRQHandler
                0x08002898                NMI_Handler
                0x08002898                I2C1_IRQHandler
                0x08002898                TIM7_LPTIM2_IRQHandler
                0x08002898                DMA1_Channel4_5_6_7_DMAMUX_DMA2_Channel1_2_3_4_5_IRQHandler
                0x08002898                SPI1_IRQHandler
                0x08002898                TIM1_BRK_UP_TRG_COMP_IRQHandler
                0x08002898                EXTI2_3_IRQHandler
                0x08002898                I2C2_IRQHandler
                0x08002898                TIM17_IRQHandler
                0x08002898                TIM16_IRQHandler
                0x08002898                TIM3_IRQHandler
                0x08002898                EXTI4_15_IRQHandler
                0x08002898                RCC_IRQHandler
                0x08002898                DMA1_Channel1_IRQHandler
                0x08002898                Default_Handler
                0x08002898                CEC_IRQHandler
                0x08002898                TIM14_IRQHandler
                0x08002898                ADC_IRQHandler
                0x08002898                TIM15_IRQHandler
                0x08002898                EXTI0_1_IRQHandler
                0x08002898                SPI2_IRQHandler
                0x08002898                TIM6_DAC_LPTIM1_IRQHandler
                0x08002898                WWDG_IRQHandler
                0x08002898                TIM2_IRQHandler
                0x08002898                DMA1_Channel2_3_IRQHandler
                0x08002898                USART2_IRQHandler
                0x08002898                FLASH_IRQHandler
                0x08002898                USART1_IRQHandler
                0x08002898                USART3_USART4_LPUART1_IRQHandler
 .text.memset   0x0800289a       0x10 C:/ST/STM32CubeIDE_2.1.1/STM32CubeIDE/plugins/com.st.stm32cube.ide.mcu.externaltools.gnu-tools-for-stm32.14.3.rel1.win32_1.0.100.202602081740/tools/bin/../lib/gcc/arm-none-eabi/14.3.1/../../../../arm-none-eabi/lib/thumb/v6-m/nofp\libc_nano.a(libc_a-memset.o)
                0x0800289a                memset
 *fill*         0x080028aa        0x2 
 .text.__libc_init_array
                0x080028ac       0x48 C:/ST/STM32CubeIDE_2.1.1/STM32CubeIDE/plugins/com.st.stm32cube.ide.mcu.externaltools.gnu-tools-for-stm32.14.3.rel1.win32_1.0.100.202602081740/tools/bin/../lib/gcc/arm-none-eabi/14.3.1/../../../../arm-none-eabi/lib/thumb/v6-m/nofp\libc_nano.a(libc_a-init.o)
                0x080028ac                __libc_init_array
 .text.memcpy   0x080028f4       0x12 C:/ST/STM32CubeIDE_2.1.1/STM32CubeIDE/plugins/com.st.stm32cube.ide.mcu.externaltools.gnu-tools-for-stm32.14.3.rel1.win32_1.0.100.202602081740/tools/bin/../lib/gcc/arm-none-eabi/14.3.1/../../../../arm-none-eabi/lib/thumb/v6-m/nofp\libc_nano.a(libc_a-memcpy-stub.o)
                0x080028f4                memcpy
 *(.glue_7)
 .glue_7        0x08002906        0x0 linker stubs
 *(.glue_7t)
 .glue_7t       0x08002906        0x0 linker stubs
 *(.eh_frame)
 *fill*         0x08002906        0x2 
 .eh_frame      0x08002908        0x0 C:/ST/STM32CubeIDE_2.1.1/STM32CubeIDE/plugins/com.st.stm32cube.ide.mcu.externaltools.gnu-tools-for-stm32.14.3.rel1.win32_1.0.100.202602081740/tools/bin/../lib/gcc/arm-none-eabi/14.3.1/thumb/v6-m/nofp/crtbegin.o
 *(.init)
 .init          0x08002908        0x4 C:/ST/STM32CubeIDE_2.1.1/STM32CubeIDE/plugins/com.st.stm32cube.ide.mcu.externaltools.gnu-tools-for-stm32.14.3.rel1.win32_1.0.100.202602081740/tools/bin/../lib/gcc/arm-none-eabi/14.3.1/thumb/v6-m/nofp/crti.o
                0x08002908                _init
 .init          0x0800290c        0x8 C:/ST/STM32CubeIDE_2.1.1/STM32CubeIDE/plugins/com.st.stm32cube.ide.mcu.externaltools.gnu-tools-for-stm32.14.3.rel1.win32_1.0.100.202602081740/tools/bin/../lib/gcc/arm-none-eabi/14.3.1/thumb/v6-m/nofp/crtn.o
 *(.fini)
 .fini          0x08002914        0x4 C:/ST/STM32CubeIDE_2.1.1/STM32CubeIDE/plugins/com.st.stm32cube.ide.mcu.externaltools.gnu-tools-for-stm32.14.3.rel1.win32_1.0.100.202602081740/tools/bin/../lib/gcc/arm-none-eabi/14.3.1/thumb/v6-m/nofp/crti.o
                0x08002914                _fini
 .fini          0x08002918        0x8 C:/ST/STM32CubeIDE_2.1.1/STM32CubeIDE/plugins/com.st.stm32cube.ide.mcu.externaltools.gnu-tools-for-stm32.14.3.rel1.win32_1.0.100.202602081740/tools/bin/../lib/gcc/arm-none-eabi/14.3.1/thumb/v6-m/nofp/crtn.o
                0x08002920                        . = ALIGN (0x4)
                0x08002920                        _etext = .

.vfp11_veneer   0x08002920        0x0
 .vfp11_veneer  0x08002920        0x0 linker stubs

.v4_bx          0x08002920        0x0
 .v4_bx         0x08002920        0x0 linker stubs

.iplt           0x08002920        0x0
 .iplt          0x08002920        0x0 C:/ST/STM32CubeIDE_2.1.1/STM32CubeIDE/plugins/com.st.stm32cube.ide.mcu.externaltools.gnu-tools-for-stm32.14.3.rel1.win32_1.0.100.202602081740/tools/bin/../lib/gcc/arm-none-eabi/14.3.1/thumb/v6-m/nofp/crtbegin.o

.rodata         0x08002920       0x4c
                0x08002920                        . = ALIGN (0x4)
 *(.rodata)
 .rodata        0x08002920        0x8 ./Src/06_SoftwareTimer.o
 .rodata        0x08002928        0x5 ./Src/FreeRTOS/Source/tasks.o
 *fill*         0x0800292d        0x3 
 .rodata        0x08002930        0xd ./Src/FreeRTOS/Source/timers.o
 *(.rodata*)
 *fill*         0x0800293d        0x3 
 .rodata.uxTopUsedPriority
                0x08002940        0x4 ./Src/FreeRTOS/Source/tasks.o
 .rodata.prvProcessReceivedCommands
                0x08002944       0x28 ./Src/FreeRTOS/Source/timers.o
                0x0800296c                        . = ALIGN (0x4)

.ARM.extab      0x0800296c        0x0
                0x0800296c                        . = ALIGN (0x4)
 *(.ARM.extab* .gnu.linkonce.armextab.*)
                0x0800296c                        . = ALIGN (0x4)

.ARM            0x0800296c        0x0
                0x0800296c                        . = ALIGN (0x4)
                0x0800296c                        __exidx_start = .
 *(.ARM.exidx*)
                0x0800296c                        __exidx_end = .
                0x0800296c                        . = ALIGN (0x4)

.preinit_array  0x0800296c        0x0
                0x0800296c                        . = ALIGN (0x4)
                0x0800296c                        PROVIDE (__preinit_array_start = .)
 *(.preinit_array*)
                0x0800296c                        PROVIDE (__preinit_array_end = .)
                0x0800296c                        . = ALIGN (0x4)

.init_array     0x0800296c        0x4
                0x0800296c                        . = ALIGN (0x4)
                0x0800296c                        PROVIDE (__init_array_start = .)
 *(SORT_BY_NAME(.init_array.*))
 *(.init_array*)
 .init_array    0x0800296c        0x4 C:/ST/STM32CubeIDE_2.1.1/STM32CubeIDE/plugins/com.st.stm32cube.ide.mcu.externaltools.gnu-tools-for-stm32.14.3.rel1.win32_1.0.100.202602081740/tools/bin/../lib/gcc/arm-none-eabi/14.3.1/thumb/v6-m/nofp/crtbegin.o
                0x08002970                        PROVIDE (__init_array_end = .)
                0x08002970                        . = ALIGN (0x4)

.fini_array     0x08002970        0x4
                0x08002970                        . = ALIGN (0x4)
                [!provide]                        PROVIDE (__fini_array_start = .)
 *(SORT_BY_NAME(.fini_array.*))
 *(.fini_array*)
 .fini_array    0x08002970        0x4 C:/ST/STM32CubeIDE_2.1.1/STM32CubeIDE/plugins/com.st.stm32cube.ide.mcu.externaltools.gnu-tools-for-stm32.14.3.rel1.win32_1.0.100.202602081740/tools/bin/../lib/gcc/arm-none-eabi/14.3.1/thumb/v6-m/nofp/crtbegin.o
                [!provide]                        PROVIDE (__fini_array_end = .)
                0x08002974                        . = ALIGN (0x4)
                0x08002974                        _sidata = LOADADDR (.data)

.rel.dyn        0x08002974        0x0
 .rel.iplt      0x08002974        0x0 C:/ST/STM32CubeIDE_2.1.1/STM32CubeIDE/plugins/com.st.stm32cube.ide.mcu.externaltools.gnu-tools-for-stm32.14.3.rel1.win32_1.0.100.202602081740/tools/bin/../lib/gcc/arm-none-eabi/14.3.1/thumb/v6-m/nofp/crtbegin.o

.data           0x20000000        0xc load address 0x08002974
                0x20000000                        . = ALIGN (0x4)
                0x20000000                        _sdata = .
 *(.data)
 *(.data*)
 .data.SystemCoreClock
                0x20000000        0x4 ./Src/06_SoftwareTimer.o
                0x20000000                SystemCoreClock
 .data.ulCriticalNesting
                0x20000004        0x4 ./Src/FreeRTOS/Source/portable/GCC/ARM_CM0/port.o
 .data.xFreeBytesRemaining
                0x20000008        0x4 ./Src/FreeRTOS/Source/portable/MemMang/heap_2.o
 *(.RamFunc)
 *(.RamFunc*)
                0x2000000c                        . = ALIGN (0x4)
                0x2000000c                        _edata = .

.igot.plt       0x2000000c        0x0 load address 0x08002980
 .igot.plt      0x2000000c        0x0 C:/ST/STM32CubeIDE_2.1.1/STM32CubeIDE/plugins/com.st.stm32cube.ide.mcu.externaltools.gnu-tools-for-stm32.14.3.rel1.win32_1.0.100.202602081740/tools/bin/../lib/gcc/arm-none-eabi/14.3.1/thumb/v6-m/nofp/crtbegin.o
                0x2000000c                        . = ALIGN (0x4)

.bss            0x2000000c     0x1db4 load address 0x08002980
                0x2000000c                        _sbss = .
                0x2000000c                        __bss_start__ = _sbss
 *(.bss)
 .bss           0x2000000c       0x1c C:/ST/STM32CubeIDE_2.1.1/STM32CubeIDE/plugins/com.st.stm32cube.ide.mcu.externaltools.gnu-tools-for-stm32.14.3.rel1.win32_1.0.100.202602081740/tools/bin/../lib/gcc/arm-none-eabi/14.3.1/thumb/v6-m/nofp/crtbegin.o
 *(.bss*)
 .bss.timerCount
                0x20000028        0x4 ./Src/06_SoftwareTimer.o
                0x20000028                timerCount
 .bss.myTimer   0x2000002c        0x4 ./Src/06_SoftwareTimer.o
                0x2000002c                myTimer
 .bss.xQueueRegistry
                0x20000030       0x40 ./Src/FreeRTOS/Source/queue.o
                0x20000030                xQueueRegistry
 .bss.pxCurrentTCB
                0x20000070        0x4 ./Src/FreeRTOS/Source/tasks.o
                0x20000070                pxCurrentTCB
 .bss.pxReadyTasksLists
                0x20000074      0x460 ./Src/FreeRTOS/Source/tasks.o
 .bss.xDelayedTaskList1
                0x200004d4       0x14 ./Src/FreeRTOS/Source/tasks.o
 .bss.xDelayedTaskList2
                0x200004e8       0x14 ./Src/FreeRTOS/Source/tasks.o
 .bss.pxDelayedTaskList
                0x200004fc        0x4 ./Src/FreeRTOS/Source/tasks.o
 .bss.pxOverflowDelayedTaskList
                0x20000500        0x4 ./Src/FreeRTOS/Source/tasks.o
 .bss.xPendingReadyList
                0x20000504       0x14 ./Src/FreeRTOS/Source/tasks.o
 .bss.xTasksWaitingTermination
                0x20000518       0x14 ./Src/FreeRTOS/Source/tasks.o
 .bss.uxDeletedTasksWaitingCleanUp
                0x2000052c        0x4 ./Src/FreeRTOS/Source/tasks.o
 .bss.xSuspendedTaskList
                0x20000530       0x14 ./Src/FreeRTOS/Source/tasks.o
 .bss.uxCurrentNumberOfTasks
                0x20000544        0x4 ./Src/FreeRTOS/Source/tasks.o
 .bss.xTickCount
                0x20000548        0x4 ./Src/FreeRTOS/Source/tasks.o
 .bss.uxTopReadyPriority
                0x2000054c        0x4 ./Src/FreeRTOS/Source/tasks.o
 .bss.xSchedulerRunning
                0x20000550        0x4 ./Src/FreeRTOS/Source/tasks.o
 .bss.xPendedTicks
                0x20000554        0x4 ./Src/FreeRTOS/Source/tasks.o
 .bss.xYieldPendings
                0x20000558        0x4 ./Src/FreeRTOS/Source/tasks.o
 .bss.xNumOfOverflows
                0x2000055c        0x4 ./Src/FreeRTOS/Source/tasks.o
 .bss.uxTaskNumber
                0x20000560        0x4 ./Src/FreeRTOS/Source/tasks.o
 .bss.xNextTaskUnblockTime
                0x20000564        0x4 ./Src/FreeRTOS/Source/tasks.o
 .bss.xIdleTaskHandles
                0x20000568        0x4 ./Src/FreeRTOS/Source/tasks.o
 .bss.uxSchedulerSuspended
                0x2000056c        0x4 ./Src/FreeRTOS/Source/tasks.o
 .bss.xActiveTimerList1
                0x20000570       0x14 ./Src/FreeRTOS/Source/timers.o
 .bss.xActiveTimerList2
                0x20000584       0x14 ./Src/FreeRTOS/Source/timers.o
 .bss.pxCurrentTimerList
                0x20000598        0x4 ./Src/FreeRTOS/Source/timers.o
 .bss.pxOverflowTimerList
                0x2000059c        0x4 ./Src/FreeRTOS/Source/timers.o
 .bss.xTimerQueue
                0x200005a0        0x4 ./Src/FreeRTOS/Source/timers.o
 .bss.xTimerTaskHandle
                0x200005a4        0x4 ./Src/FreeRTOS/Source/timers.o
 .bss.xLastTime.0
                0x200005a8        0x4 ./Src/FreeRTOS/Source/timers.o
 .bss.ucHeap    0x200005ac     0x1800 ./Src/FreeRTOS/Source/portable/MemMang/heap_2.o
 .bss.xStart    0x20001dac        0x8 ./Src/FreeRTOS/Source/portable/MemMang/heap_2.o
 .bss.xEnd      0x20001db4        0x8 ./Src/FreeRTOS/Source/portable/MemMang/heap_2.o
 .bss.xHeapHasBeenInitialised
                0x20001dbc        0x4 ./Src/FreeRTOS/Source/portable/MemMang/heap_2.o
 *(COMMON)
                0x20001dc0                        . = ALIGN (0x4)
                0x20001dc0                        _ebss = .
                0x20001dc0                        __bss_end__ = _ebss

._user_heap_stack
                0x20001dc0      0x600 load address 0x08002980
                0x20001dc0                        . = ALIGN (0x8)
                [!provide]                        PROVIDE (end = .)
                0x20001dc0                        PROVIDE (_end = .)
                0x20001fc0                        . = (. + _Min_Heap_Size)
 *fill*         0x20001dc0      0x200 
                0x200023c0                        . = (. + _Min_Stack_Size)
 *fill*         0x20001fc0      0x400 
                0x200023c0                        . = ALIGN (0x8)

/DISCARD/
 libc.a(*)
 libm.a(*)
 libgcc.a(*)

.ARM.attributes
                0x00000000       0x28
 *(.ARM.attributes)
 .ARM.attributes
                0x00000000       0x1e C:/ST/STM32CubeIDE_2.1.1/STM32CubeIDE/plugins/com.st.stm32cube.ide.mcu.externaltools.gnu-tools-for-stm32.14.3.rel1.win32_1.0.100.202602081740/tools/bin/../lib/gcc/arm-none-eabi/14.3.1/thumb/v6-m/nofp/crti.o
 .ARM.attributes
                0x0000001e       0x2c C:/ST/STM32CubeIDE_2.1.1/STM32CubeIDE/plugins/com.st.stm32cube.ide.mcu.externaltools.gnu-tools-for-stm32.14.3.rel1.win32_1.0.100.202602081740/tools/bin/../lib/gcc/arm-none-eabi/14.3.1/thumb/v6-m/nofp/crtbegin.o
 .ARM.attributes
                0x0000004a       0x2c ./Src/06_SoftwareTimer.o
 .ARM.attributes
                0x00000076       0x2c ./Src/FreeRTOS/Source/list.o
 .ARM.attributes
                0x000000a2       0x2c ./Src/FreeRTOS/Source/queue.o
 .ARM.attributes
                0x000000ce       0x2c ./Src/FreeRTOS/Source/tasks.o
 .ARM.attributes
                0x000000fa       0x2c ./Src/FreeRTOS/Source/timers.o
 .ARM.attributes
                0x00000126       0x2c ./Src/FreeRTOS/Source/portable/GCC/ARM_CM0/port.o
 .ARM.attributes
                0x00000152       0x2c ./Src/FreeRTOS/Source/portable/GCC/ARM_CM0/portasm.o
 .ARM.attributes
                0x0000017e       0x2c ./Src/FreeRTOS/Source/portable/MemMang/heap_2.o
 .ARM.attributes
                0x000001aa       0x22 ./Startup/startup_stm32g070rbtx.o
 .ARM.attributes
                0x000001cc       0x2c C:/ST/STM32CubeIDE_2.1.1/STM32CubeIDE/plugins/com.st.stm32cube.ide.mcu.externaltools.gnu-tools-for-stm32.14.3.rel1.win32_1.0.100.202602081740/tools/bin/../lib/gcc/arm-none-eabi/14.3.1/../../../../arm-none-eabi/lib/thumb/v6-m/nofp\libc_nano.a(libc_a-memset.o)
 .ARM.attributes
                0x000001f8       0x2c C:/ST/STM32CubeIDE_2.1.1/STM32CubeIDE/plugins/com.st.stm32cube.ide.mcu.externaltools.gnu-tools-for-stm32.14.3.rel1.win32_1.0.100.202602081740/tools/bin/../lib/gcc/arm-none-eabi/14.3.1/../../../../arm-none-eabi/lib/thumb/v6-m/nofp\libc_nano.a(libc_a-init.o)
 .ARM.attributes
                0x00000224       0x2c C:/ST/STM32CubeIDE_2.1.1/STM32CubeIDE/plugins/com.st.stm32cube.ide.mcu.externaltools.gnu-tools-for-stm32.14.3.rel1.win32_1.0.100.202602081740/tools/bin/../lib/gcc/arm-none-eabi/14.3.1/../../../../arm-none-eabi/lib/thumb/v6-m/nofp\libc_nano.a(libc_a-memcpy-stub.o)
 .ARM.attributes
                0x00000250       0x1e C:/ST/STM32CubeIDE_2.1.1/STM32CubeIDE/plugins/com.st.stm32cube.ide.mcu.externaltools.gnu-tools-for-stm32.14.3.rel1.win32_1.0.100.202602081740/tools/bin/../lib/gcc/arm-none-eabi/14.3.1/thumb/v6-m/nofp\libgcc.a(_udivsi3.o)
 .ARM.attributes
                0x0000026e       0x1e C:/ST/STM32CubeIDE_2.1.1/STM32CubeIDE/plugins/com.st.stm32cube.ide.mcu.externaltools.gnu-tools-for-stm32.14.3.rel1.win32_1.0.100.202602081740/tools/bin/../lib/gcc/arm-none-eabi/14.3.1/thumb/v6-m/nofp\libgcc.a(_dvmd_tls.o)
 .ARM.attributes
                0x0000028c       0x1e C:/ST/STM32CubeIDE_2.1.1/STM32CubeIDE/plugins/com.st.stm32cube.ide.mcu.externaltools.gnu-tools-for-stm32.14.3.rel1.win32_1.0.100.202602081740/tools/bin/../lib/gcc/arm-none-eabi/14.3.1/thumb/v6-m/nofp/crtn.o
OUTPUT(06_RTOS_Lab_SoftwareTimer.elf elf32-littlearm)
LOAD linker stubs
LOAD C:/ST/STM32CubeIDE_2.1.1/STM32CubeIDE/plugins/com.st.stm32cube.ide.mcu.externaltools.gnu-tools-for-stm32.14.3.rel1.win32_1.0.100.202602081740/tools/bin/../lib/gcc/arm-none-eabi/14.3.1/../../../../arm-none-eabi/lib/thumb/v6-m/nofp\libc.a
LOAD C:/ST/STM32CubeIDE_2.1.1/STM32CubeIDE/plugins/com.st.stm32cube.ide.mcu.externaltools.gnu-tools-for-stm32.14.3.rel1.win32_1.0.100.202602081740/tools/bin/../lib/gcc/arm-none-eabi/14.3.1/../../../../arm-none-eabi/lib/thumb/v6-m/nofp\libm.a
LOAD C:/ST/STM32CubeIDE_2.1.1/STM32CubeIDE/plugins/com.st.stm32cube.ide.mcu.externaltools.gnu-tools-for-stm32.14.3.rel1.win32_1.0.100.202602081740/tools/bin/../lib/gcc/arm-none-eabi/14.3.1/thumb/v6-m/nofp\libgcc.a

.debug_info     0x00000000     0x4be2
 .debug_info    0x00000000      0x207 ./Src/06_SoftwareTimer.o
 .debug_info    0x00000207      0x2aa ./Src/FreeRTOS/Source/list.o
 .debug_info    0x000004b1     0x12be ./Src/FreeRTOS/Source/queue.o
 .debug_info    0x0000176f     0x1dd9 ./Src/FreeRTOS/Source/tasks.o
 .debug_info    0x00003548      0xe69 ./Src/FreeRTOS/Source/timers.o
 .debug_info    0x000043b1      0x327 ./Src/FreeRTOS/Source/portable/GCC/ARM_CM0/port.o
 .debug_info    0x000046d8      0x15a ./Src/FreeRTOS/Source/portable/GCC/ARM_CM0/portasm.o
 .debug_info    0x00004832      0x380 ./Src/FreeRTOS/Source/portable/MemMang/heap_2.o
 .debug_info    0x00004bb2       0x30 ./Startup/startup_stm32g070rbtx.o

.debug_abbrev   0x00000000      0xf35
 .debug_abbrev  0x00000000      0x144 ./Src/06_SoftwareTimer.o
 .debug_abbrev  0x00000144       0xee ./Src/FreeRTOS/Source/list.o
 .debug_abbrev  0x00000232      0x2c4 ./Src/FreeRTOS/Source/queue.o
 .debug_abbrev  0x000004f6      0x318 ./Src/FreeRTOS/Source/tasks.o
 .debug_abbrev  0x0000080e      0x2aa ./Src/FreeRTOS/Source/timers.o
 .debug_abbrev  0x00000ab8      0x1bd ./Src/FreeRTOS/Source/portable/GCC/ARM_CM0/port.o
 .debug_abbrev  0x00000c75       0xb8 ./Src/FreeRTOS/Source/portable/GCC/ARM_CM0/portasm.o
 .debug_abbrev  0x00000d2d      0x1e4 ./Src/FreeRTOS/Source/portable/MemMang/heap_2.o
 .debug_abbrev  0x00000f11       0x24 ./Startup/startup_stm32g070rbtx.o

.debug_aranges  0x00000000      0x5e8
 .debug_aranges
                0x00000000       0x28 ./Src/06_SoftwareTimer.o
 .debug_aranges
                0x00000028       0x40 ./Src/FreeRTOS/Source/list.o
 .debug_aranges
                0x00000068      0x138 ./Src/FreeRTOS/Source/queue.o
 .debug_aranges
                0x000001a0      0x208 ./Src/FreeRTOS/Source/tasks.o
 .debug_aranges
                0x000003a8       0xf8 ./Src/FreeRTOS/Source/timers.o
 .debug_aranges
                0x000004a0       0x70 ./Src/FreeRTOS/Source/portable/GCC/ARM_CM0/port.o
 .debug_aranges
                0x00000510       0x60 ./Src/FreeRTOS/Source/portable/GCC/ARM_CM0/portasm.o
 .debug_aranges
                0x00000570       0x50 ./Src/FreeRTOS/Source/portable/MemMang/heap_2.o
 .debug_aranges
                0x000005c0       0x28 ./Startup/startup_stm32g070rbtx.o

.debug_rnglists
                0x00000000      0x483
 .debug_rnglists
                0x00000000       0x19 ./Src/06_SoftwareTimer.o
 .debug_rnglists
                0x00000019       0x2b ./Src/FreeRTOS/Source/list.o
 .debug_rnglists
                0x00000044       0xf2 ./Src/FreeRTOS/Source/queue.o
 .debug_rnglists
                0x00000136      0x1ae ./Src/FreeRTOS/Source/tasks.o
 .debug_rnglists
                0x000002e4       0xb9 ./Src/FreeRTOS/Source/timers.o
 .debug_rnglists
                0x0000039d       0x51 ./Src/FreeRTOS/Source/portable/GCC/ARM_CM0/port.o
 .debug_rnglists
                0x000003ee       0x43 ./Src/FreeRTOS/Source/portable/GCC/ARM_CM0/portasm.o
 .debug_rnglists
                0x00000431       0x39 ./Src/FreeRTOS/Source/portable/MemMang/heap_2.o
 .debug_rnglists
                0x0000046a       0x19 ./Startup/startup_stm32g070rbtx.o

.debug_macro    0x00000000     0x4b68
 .debug_macro   0x00000000      0x1d0 ./Src/06_SoftwareTimer.o
 .debug_macro   0x000001d0      0xac6 ./Src/06_SoftwareTimer.o
 .debug_macro   0x00000c96      0x190 ./Src/06_SoftwareTimer.o
 .debug_macro   0x00000e26       0x22 ./Src/06_SoftwareTimer.o
 .debug_macro   0x00000e48       0x8e ./Src/06_SoftwareTimer.o
 .debug_macro   0x00000ed6       0x51 ./Src/06_SoftwareTimer.o
 .debug_macro   0x00000f27      0x103 ./Src/06_SoftwareTimer.o
 .debug_macro   0x0000102a       0x6a ./Src/06_SoftwareTimer.o
 .debug_macro   0x00001094      0x1df ./Src/06_SoftwareTimer.o
 .debug_macro   0x00001273       0x16 ./Src/06_SoftwareTimer.o
 .debug_macro   0x00001289       0x61 ./Src/06_SoftwareTimer.o
 .debug_macro   0x000012ea       0x24 ./Src/06_SoftwareTimer.o
 .debug_macro   0x0000130e       0x43 ./Src/06_SoftwareTimer.o
 .debug_macro   0x00001351       0x34 ./Src/06_SoftwareTimer.o
 .debug_macro   0x00001385       0x16 ./Src/06_SoftwareTimer.o
 .debug_macro   0x0000139b       0x3c ./Src/06_SoftwareTimer.o
 .debug_macro   0x000013d7      0x364 ./Src/06_SoftwareTimer.o
 .debug_macro   0x0000173b       0x10 ./Src/06_SoftwareTimer.o
 .debug_macro   0x0000174b       0x16 ./Src/06_SoftwareTimer.o
 .debug_macro   0x00001761       0x4a ./Src/06_SoftwareTimer.o
 .debug_macro   0x000017ab       0x34 ./Src/06_SoftwareTimer.o
 .debug_macro   0x000017df       0x10 ./Src/06_SoftwareTimer.o
 .debug_macro   0x000017ef       0x58 ./Src/06_SoftwareTimer.o
 .debug_macro   0x00001847       0x8e ./Src/06_SoftwareTimer.o
 .debug_macro   0x000018d5       0x1c ./Src/06_SoftwareTimer.o
 .debug_macro   0x000018f1      0x17e ./Src/06_SoftwareTimer.o
 .debug_macro   0x00001a6f       0x16 ./Src/06_SoftwareTimer.o
 .debug_macro   0x00001a85       0x16 ./Src/06_SoftwareTimer.o
 .debug_macro   0x00001a9b      0x146 ./Src/06_SoftwareTimer.o
 .debug_macro   0x00001be1      0x1ba ./Src/06_SoftwareTimer.o
 .debug_macro   0x00001d9b       0x34 ./Src/06_SoftwareTimer.o
 .debug_macro   0x00001dcf      0x182 ./Src/06_SoftwareTimer.o
 .debug_macro   0x00001f51      0x267 ./Src/06_SoftwareTimer.o
 .debug_macro   0x000021b8       0x2e ./Src/06_SoftwareTimer.o
 .debug_macro   0x000021e6       0x1f ./Src/06_SoftwareTimer.o
 .debug_macro   0x00002205       0x12 ./Src/06_SoftwareTimer.o
 .debug_macro   0x00002217     0x10aa ./Src/06_SoftwareTimer.o
 .debug_macro   0x000032c1       0xc3 ./Src/06_SoftwareTimer.o
 .debug_macro   0x00003384      0x161 ./Src/06_SoftwareTimer.o
 .debug_macro   0x000034e5       0x98 ./Src/06_SoftwareTimer.o
 .debug_macro   0x0000357d      0x1dc ./Src/FreeRTOS/Source/list.o
 .debug_macro   0x00003759      0x11c ./Src/FreeRTOS/Source/list.o
 .debug_macro   0x00003875       0x9b ./Src/FreeRTOS/Source/list.o
 .debug_macro   0x00003910       0x1c ./Src/FreeRTOS/Source/list.o
 .debug_macro   0x0000392c      0x273 ./Src/FreeRTOS/Source/queue.o
 .debug_macro   0x00003b9f       0x16 ./Src/FreeRTOS/Source/queue.o
 .debug_macro   0x00003bb5       0x20 ./Src/FreeRTOS/Source/queue.o
 .debug_macro   0x00003bd5       0x80 ./Src/FreeRTOS/Source/queue.o
 .debug_macro   0x00003c55      0x307 ./Src/FreeRTOS/Source/tasks.o
 .debug_macro   0x00003f5c       0x16 ./Src/FreeRTOS/Source/tasks.o
 .debug_macro   0x00003f72      0x22b ./Src/FreeRTOS/Source/timers.o
 .debug_macro   0x0000419d       0x9e ./Src/FreeRTOS/Source/timers.o
 .debug_macro   0x0000423b      0x34b ./Src/FreeRTOS/Source/portable/GCC/ARM_CM0/port.o
 .debug_macro   0x00004586      0x1b4 ./Src/FreeRTOS/Source/portable/GCC/ARM_CM0/port.o
 .debug_macro   0x0000473a      0x1c4 ./Src/FreeRTOS/Source/portable/GCC/ARM_CM0/portasm.o
 .debug_macro   0x000048fe      0x26a ./Src/FreeRTOS/Source/portable/MemMang/heap_2.o

.debug_line     0x00000000     0x6c59
 .debug_line    0x00000000      0x77a ./Src/06_SoftwareTimer.o
 .debug_line    0x0000077a      0x86b ./Src/FreeRTOS/Source/list.o
 .debug_line    0x00000fe5     0x1596 ./Src/FreeRTOS/Source/queue.o
 .debug_line    0x0000257b     0x1d07 ./Src/FreeRTOS/Source/tasks.o
 .debug_line    0x00004282      0xddf ./Src/FreeRTOS/Source/timers.o
 .debug_line    0x00005061      0x9b0 ./Src/FreeRTOS/Source/portable/GCC/ARM_CM0/port.o
 .debug_line    0x00005a11      0x83c ./Src/FreeRTOS/Source/portable/GCC/ARM_CM0/portasm.o
 .debug_line    0x0000624d      0x991 ./Src/FreeRTOS/Source/portable/MemMang/heap_2.o
 .debug_line    0x00006bde       0x7b ./Startup/startup_stm32g070rbtx.o

.debug_str      0x00000000    0x1855d
 .debug_str     0x00000000    0x1855d ./Src/06_SoftwareTimer.o
                              0x1370f (size before relaxing)
 .debug_str     0x0001855d    0x11a99 ./Src/FreeRTOS/Source/list.o
 .debug_str     0x0001855d    0x1440f ./Src/FreeRTOS/Source/queue.o
 .debug_str     0x0001855d    0x152b2 ./Src/FreeRTOS/Source/tasks.o
 .debug_str     0x0001855d    0x14782 ./Src/FreeRTOS/Source/timers.o
 .debug_str     0x0001855d    0x14532 ./Src/FreeRTOS/Source/portable/GCC/ARM_CM0/port.o
 .debug_str     0x0001855d    0x117f2 ./Src/FreeRTOS/Source/portable/GCC/ARM_CM0/portasm.o
 .debug_str     0x0001855d    0x13578 ./Src/FreeRTOS/Source/portable/MemMang/heap_2.o
 .debug_str     0x0001855d       0x92 ./Startup/startup_stm32g070rbtx.o

.comment        0x00000000       0x43
 .comment       0x00000000       0x43 ./Src/06_SoftwareTimer.o
                                 0x44 (size before relaxing)
 .comment       0x00000043       0x44 ./Src/FreeRTOS/Source/list.o
 .comment       0x00000043       0x44 ./Src/FreeRTOS/Source/queue.o
 .comment       0x00000043       0x44 ./Src/FreeRTOS/Source/tasks.o
 .comment       0x00000043       0x44 ./Src/FreeRTOS/Source/timers.o
 .comment       0x00000043       0x44 ./Src/FreeRTOS/Source/portable/GCC/ARM_CM0/port.o
 .comment       0x00000043       0x44 ./Src/FreeRTOS/Source/portable/GCC/ARM_CM0/portasm.o
 .comment       0x00000043       0x44 ./Src/FreeRTOS/Source/portable/MemMang/heap_2.o

.debug_frame    0x00000000     0x1450
 .debug_frame   0x00000000       0x50 ./Src/06_SoftwareTimer.o
 .debug_frame   0x00000050       0xb0 ./Src/FreeRTOS/Source/list.o
 .debug_frame   0x00000100      0x498 ./Src/FreeRTOS/Source/queue.o
 .debug_frame   0x00000598      0x7c0 ./Src/FreeRTOS/Source/tasks.o
 .debug_frame   0x00000d58      0x384 ./Src/FreeRTOS/Source/timers.o
 .debug_frame   0x000010dc      0x15c ./Src/FreeRTOS/Source/portable/GCC/ARM_CM0/port.o
 .debug_frame   0x00001238       0xa0 ./Src/FreeRTOS/Source/portable/GCC/ARM_CM0/portasm.o
 .debug_frame   0x000012d8       0xe4 ./Src/FreeRTOS/Source/portable/MemMang/heap_2.o
 .debug_frame   0x000013bc       0x20 C:/ST/STM32CubeIDE_2.1.1/STM32CubeIDE/plugins/com.st.stm32cube.ide.mcu.externaltools.gnu-tools-for-stm32.14.3.rel1.win32_1.0.100.202602081740/tools/bin/../lib/gcc/arm-none-eabi/14.3.1/../../../../arm-none-eabi/lib/thumb/v6-m/nofp\libc_nano.a(libc_a-memset.o)
 .debug_frame   0x000013dc       0x2c C:/ST/STM32CubeIDE_2.1.1/STM32CubeIDE/plugins/com.st.stm32cube.ide.mcu.externaltools.gnu-tools-for-stm32.14.3.rel1.win32_1.0.100.202602081740/tools/bin/../lib/gcc/arm-none-eabi/14.3.1/../../../../arm-none-eabi/lib/thumb/v6-m/nofp\libc_nano.a(libc_a-init.o)
 .debug_frame   0x00001408       0x28 C:/ST/STM32CubeIDE_2.1.1/STM32CubeIDE/plugins/com.st.stm32cube.ide.mcu.externaltools.gnu-tools-for-stm32.14.3.rel1.win32_1.0.100.202602081740/tools/bin/../lib/gcc/arm-none-eabi/14.3.1/../../../../arm-none-eabi/lib/thumb/v6-m/nofp\libc_nano.a(libc_a-memcpy-stub.o)
 .debug_frame   0x00001430       0x20 C:/ST/STM32CubeIDE_2.1.1/STM32CubeIDE/plugins/com.st.stm32cube.ide.mcu.externaltools.gnu-tools-for-stm32.14.3.rel1.win32_1.0.100.202602081740/tools/bin/../lib/gcc/arm-none-eabi/14.3.1/thumb/v6-m/nofp\libgcc.a(_udivsi3.o)

.debug_line_str
                0x00000000       0x76
 .debug_line_str
                0x00000000       0x76 ./Startup/startup_stm32g070rbtx.o
