Archive member included to satisfy reference by file (symbol)

C:/ST/STM32CubeIDE_2.1.1/STM32CubeIDE/plugins/com.st.stm32cube.ide.mcu.externaltools.gnu-tools-for-stm32.14.3.rel1.win32_1.0.100.202602081740/tools/bin/../lib/gcc/arm-none-eabi/14.3.1/../../../../arm-none-eabi/lib/thumb/v6-m/nofp\libc_nano.a(libc_a-exit.o)
                              C:/ST/STM32CubeIDE_2.1.1/STM32CubeIDE/plugins/com.st.stm32cube.ide.mcu.externaltools.gnu-tools-for-stm32.14.3.rel1.win32_1.0.100.202602081740/tools/bin/../lib/gcc/arm-none-eabi/14.3.1/../../../../arm-none-eabi/lib/thumb/v6-m/nofp/crt0.o (exit)
C:/ST/STM32CubeIDE_2.1.1/STM32CubeIDE/plugins/com.st.stm32cube.ide.mcu.externaltools.gnu-tools-for-stm32.14.3.rel1.win32_1.0.100.202602081740/tools/bin/../lib/gcc/arm-none-eabi/14.3.1/../../../../arm-none-eabi/lib/thumb/v6-m/nofp\libc_nano.a(libc_a-findfp.o)
                              C:/ST/STM32CubeIDE_2.1.1/STM32CubeIDE/plugins/com.st.stm32cube.ide.mcu.externaltools.gnu-tools-for-stm32.14.3.rel1.win32_1.0.100.202602081740/tools/bin/../lib/gcc/arm-none-eabi/14.3.1/../../../../arm-none-eabi/lib/thumb/v6-m/nofp\libc_nano.a(libc_a-exit.o) (__stdio_exit_handler)
C:/ST/STM32CubeIDE_2.1.1/STM32CubeIDE/plugins/com.st.stm32cube.ide.mcu.externaltools.gnu-tools-for-stm32.14.3.rel1.win32_1.0.100.202602081740/tools/bin/../lib/gcc/arm-none-eabi/14.3.1/../../../../arm-none-eabi/lib/thumb/v6-m/nofp\libc_nano.a(libc_a-fwalk.o)
                              C:/ST/STM32CubeIDE_2.1.1/STM32CubeIDE/plugins/com.st.stm32cube.ide.mcu.externaltools.gnu-tools-for-stm32.14.3.rel1.win32_1.0.100.202602081740/tools/bin/../lib/gcc/arm-none-eabi/14.3.1/../../../../arm-none-eabi/lib/thumb/v6-m/nofp\libc_nano.a(libc_a-findfp.o) (_fwalk_sglue)
C:/ST/STM32CubeIDE_2.1.1/STM32CubeIDE/plugins/com.st.stm32cube.ide.mcu.externaltools.gnu-tools-for-stm32.14.3.rel1.win32_1.0.100.202602081740/tools/bin/../lib/gcc/arm-none-eabi/14.3.1/../../../../arm-none-eabi/lib/thumb/v6-m/nofp\libc_nano.a(libc_a-puts.o)
                              ./Src/uart.o (puts)
C:/ST/STM32CubeIDE_2.1.1/STM32CubeIDE/plugins/com.st.stm32cube.ide.mcu.externaltools.gnu-tools-for-stm32.14.3.rel1.win32_1.0.100.202602081740/tools/bin/../lib/gcc/arm-none-eabi/14.3.1/../../../../arm-none-eabi/lib/thumb/v6-m/nofp\libc_nano.a(libc_a-stdio.o)
                              C:/ST/STM32CubeIDE_2.1.1/STM32CubeIDE/plugins/com.st.stm32cube.ide.mcu.externaltools.gnu-tools-for-stm32.14.3.rel1.win32_1.0.100.202602081740/tools/bin/../lib/gcc/arm-none-eabi/14.3.1/../../../../arm-none-eabi/lib/thumb/v6-m/nofp\libc_nano.a(libc_a-findfp.o) (__sread)
C:/ST/STM32CubeIDE_2.1.1/STM32CubeIDE/plugins/com.st.stm32cube.ide.mcu.externaltools.gnu-tools-for-stm32.14.3.rel1.win32_1.0.100.202602081740/tools/bin/../lib/gcc/arm-none-eabi/14.3.1/../../../../arm-none-eabi/lib/thumb/v6-m/nofp\libc_nano.a(libc_a-wbuf.o)
                              C:/ST/STM32CubeIDE_2.1.1/STM32CubeIDE/plugins/com.st.stm32cube.ide.mcu.externaltools.gnu-tools-for-stm32.14.3.rel1.win32_1.0.100.202602081740/tools/bin/../lib/gcc/arm-none-eabi/14.3.1/../../../../arm-none-eabi/lib/thumb/v6-m/nofp\libc_nano.a(libc_a-puts.o) (__swbuf_r)
C:/ST/STM32CubeIDE_2.1.1/STM32CubeIDE/plugins/com.st.stm32cube.ide.mcu.externaltools.gnu-tools-for-stm32.14.3.rel1.win32_1.0.100.202602081740/tools/bin/../lib/gcc/arm-none-eabi/14.3.1/../../../../arm-none-eabi/lib/thumb/v6-m/nofp\libc_nano.a(libc_a-wsetup.o)
                              C:/ST/STM32CubeIDE_2.1.1/STM32CubeIDE/plugins/com.st.stm32cube.ide.mcu.externaltools.gnu-tools-for-stm32.14.3.rel1.win32_1.0.100.202602081740/tools/bin/../lib/gcc/arm-none-eabi/14.3.1/../../../../arm-none-eabi/lib/thumb/v6-m/nofp\libc_nano.a(libc_a-puts.o) (__swsetup_r)
C:/ST/STM32CubeIDE_2.1.1/STM32CubeIDE/plugins/com.st.stm32cube.ide.mcu.externaltools.gnu-tools-for-stm32.14.3.rel1.win32_1.0.100.202602081740/tools/bin/../lib/gcc/arm-none-eabi/14.3.1/../../../../arm-none-eabi/lib/thumb/v6-m/nofp\libc_nano.a(libc_a-memset.o)
                              C:/ST/STM32CubeIDE_2.1.1/STM32CubeIDE/plugins/com.st.stm32cube.ide.mcu.externaltools.gnu-tools-for-stm32.14.3.rel1.win32_1.0.100.202602081740/tools/bin/../lib/gcc/arm-none-eabi/14.3.1/../../../../arm-none-eabi/lib/thumb/v6-m/nofp/crt0.o (memset)
C:/ST/STM32CubeIDE_2.1.1/STM32CubeIDE/plugins/com.st.stm32cube.ide.mcu.externaltools.gnu-tools-for-stm32.14.3.rel1.win32_1.0.100.202602081740/tools/bin/../lib/gcc/arm-none-eabi/14.3.1/../../../../arm-none-eabi/lib/thumb/v6-m/nofp\libc_nano.a(libc_a-closer.o)
                              C:/ST/STM32CubeIDE_2.1.1/STM32CubeIDE/plugins/com.st.stm32cube.ide.mcu.externaltools.gnu-tools-for-stm32.14.3.rel1.win32_1.0.100.202602081740/tools/bin/../lib/gcc/arm-none-eabi/14.3.1/../../../../arm-none-eabi/lib/thumb/v6-m/nofp\libc_nano.a(libc_a-stdio.o) (_close_r)
[...]
Memory Configuration

Name             Origin             Length             Attributes
RAM              0x20000000         0x00009000         xrw
FLASH            0x08000000         0x00020000         xr
*default*        0x00000000         0xffffffff

Linker script and memory map

LOAD C:/ST/STM32CubeIDE_2.1.1/STM32CubeIDE/plugins/com.st.stm32cube.ide.mcu.externaltools.gnu-tools-for-stm32.14.3.rel1.win32_1.0.100.202602081740/tools/bin/../lib/gcc/arm-none-eabi/14.3.1/thumb/v6-m/nofp/crti.o
LOAD C:/ST/STM32CubeIDE_2.1.1/STM32CubeIDE/plugins/com.st.stm32cube.ide.mcu.externaltools.gnu-tools-for-stm32.14.3.rel1.win32_1.0.100.202602081740/tools/bin/../lib/gcc/arm-none-eabi/14.3.1/thumb/v6-m/nofp/crtbegin.o
LOAD C:/ST/STM32CubeIDE_2.1.1/STM32CubeIDE/plugins/com.st.stm32cube.ide.mcu.externaltools.gnu-tools-for-stm32.14.3.rel1.win32_1.0.100.202602081740/tools/bin/../lib/gcc/arm-none-eabi/14.3.1/../../../../arm-none-eabi/lib/thumb/v6-m/nofp/crt0.o
LOAD ./Src/04B_Mutex.o
LOAD ./Src/syscalls.o
LOAD ./Src/sysmem.o
LOAD ./Src/uart.o
LOAD ./Src/FreeRTOS/Source/list.o
LOAD ./Src/FreeRTOS/Source/queue.o
LOAD ./Src/FreeRTOS/Source/tasks.o
LOAD ./Src/FreeRTOS/Source/portable/GCC/ARM_CM0/port.o
LOAD ./Src/FreeRTOS/Source/portable/GCC/ARM_CM0/portasm.o
LOAD ./Src/FreeRTOS/Source/portable/MemMang/heap_2.o
LOAD ./Startup/startup_stm32g070rbtx.o
START GROUP
LOAD C:/ST/STM32CubeIDE_2.1.1/STM32CubeIDE/plugins/com.st.stm32cube.ide.mcu.externaltools.gnu-tools-for-stm32.14.3.rel1.win32_1.0.100.202602081740/tools/bin/../lib/gcc/arm-none-eabi/14.3.1/../../../../arm-none-eabi/lib/thumb/v6-m/nofp\libc_nano.a
LOAD C:/ST/STM32CubeIDE_2.1.1/STM32CubeIDE/plugins/com.st.stm32cube.ide.mcu.externaltools.gnu-tools-for-stm32.14.3.rel1.win32_1.0.100.202602081740/tools/bin/../lib/gcc/arm-none-eabi/14.3.1/../../../../arm-none-eabi/lib/thumb/v6-m/nofp\libm.a
END GROUP
START GROUP
LOAD C:/ST/STM32CubeIDE_2.1.1/STM32CubeIDE/plugins/com.st.stm32cube.ide.mcu.externaltools.gnu-tools-for-stm32.14.3.rel1.win32_1.0.100.202602081740/tools/bin/../lib/gcc/arm-none-eabi/14.3.1/thumb/v6-m/nofp\libgcc.a
LOAD C:/ST/STM32CubeIDE_2.1.1/STM32CubeIDE/plugins/com.st.stm32cube.ide.mcu.externaltools.gnu-tools-for-stm32.14.3.rel1.win32_1.0.100.202602081740/tools/bin/../lib/gcc/arm-none-eabi/14.3.1/../../../../arm-none-eabi/lib/thumb/v6-m/nofp\libc_nano.a
END GROUP
START GROUP
LOAD C:/ST/STM32CubeIDE_2.1.1/STM32CubeIDE/plugins/com.st.stm32cube.ide.mcu.externaltools.gnu-tools-for-stm32.14.3.rel1.win32_1.0.100.202602081740/tools/bin/../lib/gcc/arm-none-eabi/14.3.1/thumb/v6-m/nofp\libgcc.a
LOAD C:/ST/STM32CubeIDE_2.1.1/STM32CubeIDE/plugins/com.st.stm32cube.ide.mcu.externaltools.gnu-tools-for-stm32.14.3.rel1.win32_1.0.100.202602081740/tools/bin/../lib/gcc/arm-none-eabi/14.3.1/../../../../arm-none-eabi/lib/thumb/v6-m/nofp\libc_nano.a
LOAD C:/ST/STM32CubeIDE_2.1.1/STM32CubeIDE/plugins/com.st.stm32cube.ide.mcu.externaltools.gnu-tools-for-stm32.14.3.rel1.win32_1.0.100.202602081740/tools/bin/../lib/gcc/arm-none-eabi/14.3.1/../../../../arm-none-eabi/lib/thumb/v6-m/nofp\libnosys.a
END GROUP
START GROUP
LOAD C:/ST/STM32CubeIDE_2.1.1/STM32CubeIDE/plugins/com.st.stm32cube.ide.mcu.externaltools.gnu-tools-for-stm32.14.3.rel1.win32_1.0.100.202602081740/tools/bin/../lib/gcc/arm-none-eabi/14.3.1/thumb/v6-m/nofp\libgcc.a
LOAD C:/ST/STM32CubeIDE_2.1.1/STM32CubeIDE/plugins/com.st.stm32cube.ide.mcu.externaltools.gnu-tools-for-stm32.14.3.rel1.win32_1.0.100.202602081740/tools/bin/../lib/gcc/arm-none-eabi/14.3.1/../../../../arm-none-eabi/lib/thumb/v6-m/nofp\libc_nano.a
LOAD C:/ST/STM32CubeIDE_2.1.1/STM32CubeIDE/plugins/com.st.stm32cube.ide.mcu.externaltools.gnu-tools-for-stm32.14.3.rel1.win32_1.0.100.202602081740/tools/bin/../lib/gcc/arm-none-eabi/14.3.1/../../../../arm-none-eabi/lib/thumb/v6-m/nofp\libnosys.a
END GROUP
LOAD C:/ST/STM32CubeIDE_2.1.1/STM32CubeIDE/plugins/com.st.stm32cube.ide.mcu.externaltools.gnu-tools-for-stm32.14.3.rel1.win32_1.0.100.202602081740/tools/bin/../lib/gcc/arm-none-eabi/14.3.1/thumb/v6-m/nofp/crtend.o
LOAD C:/ST/STM32CubeIDE_2.1.1/STM32CubeIDE/plugins/com.st.stm32cube.ide.mcu.externaltools.gnu-tools-for-stm32.14.3.rel1.win32_1.0.100.202602081740/tools/bin/../lib/gcc/arm-none-eabi/14.3.1/thumb/v6-m/nofp/crtn.o
                0x20009000                        _estack = (ORIGIN (RAM) + LENGTH (RAM))
                0x00000200                        _Min_Heap_Size = 0x200
                0x00000400                        _Min_Stack_Size = 0x400

.isr_vector     0x08000000       0xbc
                0x08000000                        . = ALIGN (0x4)
 *(.isr_vector)
 .isr_vector    0x08000000       0xbc ./Startup/startup_stm32g070rbtx.o
                0x08000000                g_pfnVectors
                0x080000bc                        . = ALIGN (0x4)

.text           0x080000c0     0x2430
                0x080000c0                        . = ALIGN (0x4)
 *(.text)
 .text          0x080000c0       0x48 C:/ST/STM32CubeIDE_2.1.1/STM32CubeIDE/plugins/com.st.stm32cube.ide.mcu.externaltools.gnu-tools-for-stm32.14.3.rel1.win32_1.0.100.202602081740/tools/bin/../lib/gcc/arm-none-eabi/14.3.1/thumb/v6-m/nofp/crtbegin.o
 .text          0x08000108      0x114 C:/ST/STM32CubeIDE_2.1.1/STM32CubeIDE/plugins/com.st.stm32cube.ide.mcu.externaltools.gnu-tools-for-stm32.14.3.rel1.win32_1.0.100.202602081740/tools/bin/../lib/gcc/arm-none-eabi/14.3.1/thumb/v6-m/nofp\libgcc.a(_udivsi3.o)
                0x08000108                __aeabi_uidiv
                0x08000108                __udivsi3
                0x08000214                __aeabi_uidivmod
 .text          0x0800021c        0x4 C:/ST/STM32CubeIDE_2.1.1/STM32CubeIDE/plugins/com.st.stm32cube.ide.mcu.externaltools.gnu-tools-for-stm32.14.3.rel1.win32_1.0.100.202602081740/tools/bin/../lib/gcc/arm-none-eabi/14.3.1/thumb/v6-m/nofp\libgcc.a(_dvmd_tls.o)
                0x0800021c                __aeabi_idiv0
                0x0800021c                __aeabi_ldiv0
 *(.text*)
 .text.TaskA    0x08000220       0x44 ./Src/04B_Mutex.o
                0x08000220                TaskA
 .text.TaskB    0x08000264       0x44 ./Src/04B_Mutex.o
                0x08000264                TaskB
 .text.main     0x080002a8       0x64 ./Src/04B_Mutex.o
                0x080002a8                main
 .text.vListInitialise
                0x0800030c       0x3c ./Src/FreeRTOS/Source/list.o
                0x0800030c                vListInitialise
 .text.vListInitialiseItem
                0x08000348       0x16 ./Src/FreeRTOS/Source/list.o
                0x08000348                vListInitialiseItem
 .text.vListInsert
                0x0800035e       0x6c ./Src/FreeRTOS/Source/list.o
                0x0800035e                vListInsert
 .text.uxListRemove
                0x080003ca       0x50 ./Src/FreeRTOS/Source/list.o
                0x080003ca                uxListRemove
 .text.xQueueGenericReset
                0x0800041a      0x116 ./Src/FreeRTOS/Source/queue.o
                0x0800041a                xQueueGenericReset
 .text.xQueueGenericCreate
                0x08000530       0xbe ./Src/FreeRTOS/Source/queue.o
                0x08000530                xQueueGenericCreate
 .text.prvInitialiseNewQueue
                0x080005ee       0x44 ./Src/FreeRTOS/Source/queue.o
 .text.prvInitialiseMutex
                0x08000632       0x34 ./Src/FreeRTOS/Source/queue.o
 .text.xQueueCreateMutex
                0x08000666       0x38 ./Src/FreeRTOS/Source/queue.o
                0x08000666                xQueueCreateMutex
 .text.xQueueGenericSend
                0x0800069e      0x190 ./Src/FreeRTOS/Source/queue.o
                0x0800069e                xQueueGenericSend
 .text.xQueueSemaphoreTake
                0x0800082e      0x1b0 ./Src/FreeRTOS/Source/queue.o
                0x0800082e                xQueueSemaphoreTake
 .text.prvGetHighestPriorityOfWaitToReceiveList
                0x080009de       0x2c ./Src/FreeRTOS/Source/queue.o
 .text.prvCopyDataToQueue
                0x08000a0a       0xd6 ./Src/FreeRTOS/Source/queue.o
 .text.prvUnlockQueue
                0x08000ae0       0xbc ./Src/FreeRTOS/Source/queue.o
 .text.prvIsQueueEmpty
                0x08000b9c       0x2c ./Src/FreeRTOS/Source/queue.o
 .text.prvIsQueueFull
                0x08000bc8       0x30 ./Src/FreeRTOS/Source/queue.o
 .text.prvCreateTask
                0x08000bf8       0x82 ./Src/FreeRTOS/Source/tasks.o
 .text.xTaskCreate
                0x08000c7a       0x4c ./Src/FreeRTOS/Source/tasks.o
                0x08000c7a                xTaskCreate
 *fill*         0x08000cc6        0x2 
 .text.prvInitialiseNewTask
                0x08000cc8      0x11c ./Src/FreeRTOS/Source/tasks.o
 .text.prvAddNewTaskToReadyList
                0x08000de4      0x118 ./Src/FreeRTOS/Source/tasks.o
 .text.vTaskDelay
                0x08000efc       0x4c ./Src/FreeRTOS/Source/tasks.o
                0x08000efc                vTaskDelay
 .text.prvCreateIdleTasks
                0x08000f48       0xb0 ./Src/FreeRTOS/Source/tasks.o
 .text.vTaskStartScheduler
                0x08000ff8       0x58 ./Src/FreeRTOS/Source/tasks.o
                0x08000ff8                vTaskStartScheduler
 .text.vTaskSuspendAll
                0x08001050       0x18 ./Src/FreeRTOS/Source/tasks.o
                0x08001050                vTaskSuspendAll
 .text.xTaskResumeAll
                0x08001068      0x1ec ./Src/FreeRTOS/Source/tasks.o
                0x08001068                xTaskResumeAll
 .text.xTaskIncrementTick
                0x08001254      0x21c ./Src/FreeRTOS/Source/tasks.o
                0x08001254                xTaskIncrementTick
 .text.vTaskSwitchContext
                0x08001470       0xa8 ./Src/FreeRTOS/Source/tasks.o
                0x08001470                vTaskSwitchContext
 .text.vTaskPlaceOnEventList
                0x08001518       0x40 ./Src/FreeRTOS/Source/tasks.o
                0x08001518                vTaskPlaceOnEventList
 .text.xTaskRemoveFromEventList
                0x08001558      0x19c ./Src/FreeRTOS/Source/tasks.o
                0x08001558                xTaskRemoveFromEventList
 .text.vTaskInternalSetTimeOutState
                0x080016f4       0x28 ./Src/FreeRTOS/Source/tasks.o
                0x080016f4                vTaskInternalSetTimeOutState
 .text.xTaskCheckForTimeOut
                0x0800171c       0xac ./Src/FreeRTOS/Source/tasks.o
                0x0800171c                xTaskCheckForTimeOut
 .text.vTaskMissedYield
                0x080017c8       0x14 ./Src/FreeRTOS/Source/tasks.o
                0x080017c8                vTaskMissedYield
 .text.prvIdleTask
                0x080017dc       0x20 ./Src/FreeRTOS/Source/tasks.o
 .text.prvInitialiseTaskLists
                0x080017fc       0x88 ./Src/FreeRTOS/Source/tasks.o
 .text.prvCheckTasksWaitingTermination
                0x08001884       0x5c ./Src/FreeRTOS/Source/tasks.o
 .text.prvDeleteTCB
                0x080018e0       0x22 ./Src/FreeRTOS/Source/tasks.o
 *fill*         0x08001902        0x2 
 .text.prvResetNextTaskUnblockTime
                0x08001904       0x34 ./Src/FreeRTOS/Source/tasks.o
 .text.xTaskGetSchedulerState
                0x08001938       0x38 ./Src/FreeRTOS/Source/tasks.o
                0x08001938                xTaskGetSchedulerState
 .text.xTaskPriorityInherit
                0x08001970      0x124 ./Src/FreeRTOS/Source/tasks.o
                0x08001970                xTaskPriorityInherit
 .text.xTaskPriorityDisinherit
                0x08001a94      0x10c ./Src/FreeRTOS/Source/tasks.o
                0x08001a94                xTaskPriorityDisinherit
 .text.vTaskPriorityDisinheritAfterTimeout
                0x08001ba0      0x134 ./Src/FreeRTOS/Source/tasks.o
                0x08001ba0                vTaskPriorityDisinheritAfterTimeout
 .text.pvTaskIncrementMutexHeldCount
                0x08001cd4       0x2c ./Src/FreeRTOS/Source/tasks.o
                0x08001cd4                pvTaskIncrementMutexHeldCount
 .text.prvAddCurrentTaskToDelayedList
                0x08001d00       0xe4 ./Src/FreeRTOS/Source/tasks.o
 .text.vPortSetupTimerInterrupt
                0x08001de4       0x44 ./Src/FreeRTOS/Source/portable/GCC/ARM_CM0/port.o
                0x08001de4                vPortSetupTimerInterrupt
 .text.prvTaskExitError
                0x08001e28       0x30 ./Src/FreeRTOS/Source/portable/GCC/ARM_CM0/port.o
 .text.vPortYield
                0x08001e58       0x20 ./Src/FreeRTOS/Source/portable/GCC/ARM_CM0/port.o
                0x08001e58                vPortYield
 .text.vPortEnterCritical
                0x08001e78       0x24 ./Src/FreeRTOS/Source/portable/GCC/ARM_CM0/port.o
                0x08001e78                vPortEnterCritical
 .text.vPortExitCritical
                0x08001e9c       0x30 ./Src/FreeRTOS/Source/portable/GCC/ARM_CM0/port.o
                0x08001e9c                vPortExitCritical
 .text.SysTick_Handler
                0x08001ecc       0x34 ./Src/FreeRTOS/Source/portable/GCC/ARM_CM0/port.o
                0x08001ecc                SysTick_Handler
 .text.vPortSVCHandler_C
                0x08001f00       0x38 ./Src/FreeRTOS/Source/portable/GCC/ARM_CM0/port.o
                0x08001f00                vPortSVCHandler_C
 .text.pxPortInitialiseStack
                0x08001f38      0x11c ./Src/FreeRTOS/Source/portable/GCC/ARM_CM0/port.o
                0x08001f38                pxPortInitialiseStack
 .text.xPortStartScheduler
                0x08002054       0x8c ./Src/FreeRTOS/Source/portable/GCC/ARM_CM0/port.o
                0x08002054                xPortStartScheduler
 .text.vRestoreContextOfFirstTask
                0x080020e0       0x28 ./Src/FreeRTOS/Source/portable/GCC/ARM_CM0/portasm.o
                0x080020e0                vRestoreContextOfFirstTask
 *fill*         0x08002108        0x8 
 .text.vStartFirstTask
                0x08002110       0x14 ./Src/FreeRTOS/Source/portable/GCC/ARM_CM0/portasm.o
                0x08002110                vStartFirstTask
 .text.ulSetInterruptMask
                0x08002124        0xc ./Src/FreeRTOS/Source/portable/GCC/ARM_CM0/portasm.o
                0x08002124                ulSetInterruptMask
 .text.vClearInterruptMask
                0x08002130        0x8 ./Src/FreeRTOS/Source/portable/GCC/ARM_CM0/portasm.o
                0x08002130                vClearInterruptMask
 *fill*         0x08002138        0x8 
 .text.PendSV_Handler
                0x08002140       0x48 ./Src/FreeRTOS/Source/portable/GCC/ARM_CM0/portasm.o
                0x08002140                PendSV_Handler
 *fill*         0x08002188        0x8 
 .text.SVC_Handler
                0x08002190       0x28 ./Src/FreeRTOS/Source/portable/GCC/ARM_CM0/portasm.o
                0x08002190                SVC_Handler
 .text.pvPortMalloc
                0x080021b8      0x164 ./Src/FreeRTOS/Source/portable/MemMang/heap_2.o
                0x080021b8                pvPortMalloc
 .text.vPortFree
                0x0800231c       0xac ./Src/FreeRTOS/Source/portable/MemMang/heap_2.o
                0x0800231c                vPortFree
 .text.prvHeapInit
                0x080023c8       0x50 ./Src/FreeRTOS/Source/portable/MemMang/heap_2.o
 .text.Reset_Handler
                0x08002418       0x50 ./Startup/startup_stm32g070rbtx.o
                0x08002418                Reset_Handler
 .text.Default_Handler
                0x08002468        0x2 ./Startup/startup_stm32g070rbtx.o
                0x08002468                TIM1_CC_IRQHandler
                0x08002468                HardFault_Handler
                0x08002468                RTC_STAMP_IRQHandler
                0x08002468                NMI_Handler
                0x08002468                I2C1_IRQHandler
                0x08002468                TIM7_LPTIM2_IRQHandler
                0x08002468                DMA1_Channel4_5_6_7_DMAMUX_DMA2_Channel1_2_3_4_5_IRQHandler
                0x08002468                SPI1_IRQHandler
                0x08002468                TIM1_BRK_UP_TRG_COMP_IRQHandler
                0x08002468                EXTI2_3_IRQHandler
                0x08002468                I2C2_IRQHandler
                0x08002468                TIM17_IRQHandler
                0x08002468                TIM16_IRQHandler
                0x08002468                TIM3_IRQHandler
                0x08002468                EXTI4_15_IRQHandler
                0x08002468                RCC_IRQHandler
                0x08002468                DMA1_Channel1_IRQHandler
                0x08002468                Default_Handler
                0x08002468                CEC_IRQHandler
                0x08002468                TIM14_IRQHandler
                0x08002468                ADC_IRQHandler
                0x08002468                TIM15_IRQHandler
                0x08002468                EXTI0_1_IRQHandler
                0x08002468                SPI2_IRQHandler
                0x08002468                TIM6_DAC_LPTIM1_IRQHandler
                0x08002468                WWDG_IRQHandler
                0x08002468                TIM2_IRQHandler
                0x08002468                DMA1_Channel2_3_IRQHandler
                0x08002468                USART2_IRQHandler
                0x08002468                FLASH_IRQHandler
                0x08002468                USART1_IRQHandler
                0x08002468                USART3_USART4_LPUART1_IRQHandler
 .text.memset   0x0800246a       0x10 C:/ST/STM32CubeIDE_2.1.1/STM32CubeIDE/plugins/com.st.stm32cube.ide.mcu.externaltools.gnu-tools-for-stm32.14.3.rel1.win32_1.0.100.202602081740/tools/bin/../lib/gcc/arm-none-eabi/14.3.1/../../../../arm-none-eabi/lib/thumb/v6-m/nofp\libc_nano.a(libc_a-memset.o)
                0x0800246a                memset
 *fill*         0x0800247a        0x2 
 .text.__libc_init_array
                0x0800247c       0x48 C:/ST/STM32CubeIDE_2.1.1/STM32CubeIDE/plugins/com.st.stm32cube.ide.mcu.externaltools.gnu-tools-for-stm32.14.3.rel1.win32_1.0.100.202602081740/tools/bin/../lib/gcc/arm-none-eabi/14.3.1/../../../../arm-none-eabi/lib/thumb/v6-m/nofp\libc_nano.a(libc_a-init.o)
                0x0800247c                __libc_init_array
 .text.memcpy   0x080024c4       0x12 C:/ST/STM32CubeIDE_2.1.1/STM32CubeIDE/plugins/com.st.stm32cube.ide.mcu.externaltools.gnu-tools-for-stm32.14.3.rel1.win32_1.0.100.202602081740/tools/bin/../lib/gcc/arm-none-eabi/14.3.1/../../../../arm-none-eabi/lib/thumb/v6-m/nofp\libc_nano.a(libc_a-memcpy-stub.o)
                0x080024c4                memcpy
 *(.glue_7)
 .glue_7        0x080024d6        0x0 linker stubs
 *(.glue_7t)
 .glue_7t       0x080024d6        0x0 linker stubs
 *(.eh_frame)
 *fill*         0x080024d6        0x2 
 .eh_frame      0x080024d8        0x0 C:/ST/STM32CubeIDE_2.1.1/STM32CubeIDE/plugins/com.st.stm32cube.ide.mcu.externaltools.gnu-tools-for-stm32.14.3.rel1.win32_1.0.100.202602081740/tools/bin/../lib/gcc/arm-none-eabi/14.3.1/thumb/v6-m/nofp/crtbegin.o
 *(.init)
 .init          0x080024d8        0x4 C:/ST/STM32CubeIDE_2.1.1/STM32CubeIDE/plugins/com.st.stm32cube.ide.mcu.externaltools.gnu-tools-for-stm32.14.3.rel1.win32_1.0.100.202602081740/tools/bin/../lib/gcc/arm-none-eabi/14.3.1/thumb/v6-m/nofp/crti.o
                0x080024d8                _init
 .init          0x080024dc        0x8 C:/ST/STM32CubeIDE_2.1.1/STM32CubeIDE/plugins/com.st.stm32cube.ide.mcu.externaltools.gnu-tools-for-stm32.14.3.rel1.win32_1.0.100.202602081740/tools/bin/../lib/gcc/arm-none-eabi/14.3.1/thumb/v6-m/nofp/crtn.o
 *(.fini)
 .fini          0x080024e4        0x4 C:/ST/STM32CubeIDE_2.1.1/STM32CubeIDE/plugins/com.st.stm32cube.ide.mcu.externaltools.gnu-tools-for-stm32.14.3.rel1.win32_1.0.100.202602081740/tools/bin/../lib/gcc/arm-none-eabi/14.3.1/thumb/v6-m/nofp/crti.o
                0x080024e4                _fini
 .fini          0x080024e8        0x8 C:/ST/STM32CubeIDE_2.1.1/STM32CubeIDE/plugins/com.st.stm32cube.ide.mcu.externaltools.gnu-tools-for-stm32.14.3.rel1.win32_1.0.100.202602081740/tools/bin/../lib/gcc/arm-none-eabi/14.3.1/thumb/v6-m/nofp/crtn.o
                0x080024f0                        . = ALIGN (0x4)
                0x080024f0                        _etext = .

.vfp11_veneer   0x080024f0        0x0
 .vfp11_veneer  0x080024f0        0x0 linker stubs

.v4_bx          0x080024f0        0x0
 .v4_bx         0x080024f0        0x0 linker stubs

.iplt           0x080024f0        0x0
 .iplt          0x080024f0        0x0 C:/ST/STM32CubeIDE_2.1.1/STM32CubeIDE/plugins/com.st.stm32cube.ide.mcu.externaltools.gnu-tools-for-stm32.14.3.rel1.win32_1.0.100.202602081740/tools/bin/../lib/gcc/arm-none-eabi/14.3.1/thumb/v6-m/nofp/crtbegin.o

.rodata         0x080024f0       0x1c
                0x080024f0                        . = ALIGN (0x4)
 *(.rodata)
 .rodata        0x080024f0        0xe ./Src/04B_Mutex.o
 *fill*         0x080024fe        0x2 
 .rodata        0x08002500        0x5 ./Src/FreeRTOS/Source/tasks.o
 *(.rodata*)
 *fill*         0x08002505        0x3 
 .rodata.uxTopUsedPriority
                0x08002508        0x4 ./Src/FreeRTOS/Source/tasks.o
                0x0800250c                        . = ALIGN (0x4)

.ARM.extab      0x0800250c        0x0
                0x0800250c                        . = ALIGN (0x4)
 *(.ARM.extab* .gnu.linkonce.armextab.*)
                0x0800250c                        . = ALIGN (0x4)

.ARM            0x0800250c        0x0
                0x0800250c                        . = ALIGN (0x4)
                0x0800250c                        __exidx_start = .
 *(.ARM.exidx*)
                0x0800250c                        __exidx_end = .
                0x0800250c                        . = ALIGN (0x4)

.preinit_array  0x0800250c        0x0
                0x0800250c                        . = ALIGN (0x4)
                0x0800250c                        PROVIDE (__preinit_array_start = .)
 *(.preinit_array*)
                0x0800250c                        PROVIDE (__preinit_array_end = .)
                0x0800250c                        . = ALIGN (0x4)

.init_array     0x0800250c        0x4
                0x0800250c                        . = ALIGN (0x4)
                0x0800250c                        PROVIDE (__init_array_start = .)
 *(SORT_BY_NAME(.init_array.*))
 *(.init_array*)
 .init_array    0x0800250c        0x4 C:/ST/STM32CubeIDE_2.1.1/STM32CubeIDE/plugins/com.st.stm32cube.ide.mcu.externaltools.gnu-tools-for-stm32.14.3.rel1.win32_1.0.100.202602081740/tools/bin/../lib/gcc/arm-none-eabi/14.3.1/thumb/v6-m/nofp/crtbegin.o
                0x08002510                        PROVIDE (__init_array_end = .)
                0x08002510                        . = ALIGN (0x4)

.fini_array     0x08002510        0x4
                0x08002510                        . = ALIGN (0x4)
                [!provide]                        PROVIDE (__fini_array_start = .)
 *(SORT_BY_NAME(.fini_array.*))
 *(.fini_array*)
 .fini_array    0x08002510        0x4 C:/ST/STM32CubeIDE_2.1.1/STM32CubeIDE/plugins/com.st.stm32cube.ide.mcu.externaltools.gnu-tools-for-stm32.14.3.rel1.win32_1.0.100.202602081740/tools/bin/../lib/gcc/arm-none-eabi/14.3.1/thumb/v6-m/nofp/crtbegin.o
                [!provide]                        PROVIDE (__fini_array_end = .)
                0x08002514                        . = ALIGN (0x4)
                0x08002514                        _sidata = LOADADDR (.data)

.rel.dyn        0x08002514        0x0
 .rel.iplt      0x08002514        0x0 C:/ST/STM32CubeIDE_2.1.1/STM32CubeIDE/plugins/com.st.stm32cube.ide.mcu.externaltools.gnu-tools-for-stm32.14.3.rel1.win32_1.0.100.202602081740/tools/bin/../lib/gcc/arm-none-eabi/14.3.1/thumb/v6-m/nofp/crtbegin.o

.data           0x20000000        0xc load address 0x08002514
                0x20000000                        . = ALIGN (0x4)
                0x20000000                        _sdata = .
 *(.data)
 *(.data*)
 .data.SystemCoreClock
                0x20000000        0x4 ./Src/04B_Mutex.o
                0x20000000                SystemCoreClock
 .data.ulCriticalNesting
                0x20000004        0x4 ./Src/FreeRTOS/Source/portable/GCC/ARM_CM0/port.o
 .data.xFreeBytesRemaining
                0x20000008        0x4 ./Src/FreeRTOS/Source/portable/MemMang/heap_2.o
 *(.RamFunc)
 *(.RamFunc*)
                0x2000000c                        . = ALIGN (0x4)
                0x2000000c                        _edata = .

.igot.plt       0x2000000c        0x0 load address 0x08002520
 .igot.plt      0x2000000c        0x0 C:/ST/STM32CubeIDE_2.1.1/STM32CubeIDE/plugins/com.st.stm32cube.ide.mcu.externaltools.gnu-tools-for-stm32.14.3.rel1.win32_1.0.100.202602081740/tools/bin/../lib/gcc/arm-none-eabi/14.3.1/thumb/v6-m/nofp/crtbegin.o
                0x2000000c                        . = ALIGN (0x4)

.bss            0x2000000c     0x1d38 load address 0x08002520
                0x2000000c                        _sbss = .
                0x2000000c                        __bss_start__ = _sbss
 *(.bss)
 .bss           0x2000000c       0x1c C:/ST/STM32CubeIDE_2.1.1/STM32CubeIDE/plugins/com.st.stm32cube.ide.mcu.externaltools.gnu-tools-for-stm32.14.3.rel1.win32_1.0.100.202602081740/tools/bin/../lib/gcc/arm-none-eabi/14.3.1/thumb/v6-m/nofp/crtbegin.o
 *(.bss*)
 .bss.sharedCounter
                0x20000028        0x4 ./Src/04B_Mutex.o
                0x20000028                sharedCounter
 .bss.myMutex   0x2000002c        0x4 ./Src/04B_Mutex.o
                0x2000002c                myMutex
 .bss.pxCurrentTCB
                0x20000030        0x4 ./Src/FreeRTOS/Source/tasks.o
                0x20000030                pxCurrentTCB
 .bss.pxReadyTasksLists
                0x20000034      0x460 ./Src/FreeRTOS/Source/tasks.o
 .bss.xDelayedTaskList1
                0x20000494       0x14 ./Src/FreeRTOS/Source/tasks.o
 .bss.xDelayedTaskList2
                0x200004a8       0x14 ./Src/FreeRTOS/Source/tasks.o
 .bss.pxDelayedTaskList
                0x200004bc        0x4 ./Src/FreeRTOS/Source/tasks.o
 .bss.pxOverflowDelayedTaskList
                0x200004c0        0x4 ./Src/FreeRTOS/Source/tasks.o
 .bss.xPendingReadyList
                0x200004c4       0x14 ./Src/FreeRTOS/Source/tasks.o
 .bss.xTasksWaitingTermination
                0x200004d8       0x14 ./Src/FreeRTOS/Source/tasks.o
 .bss.uxDeletedTasksWaitingCleanUp
                0x200004ec        0x4 ./Src/FreeRTOS/Source/tasks.o
 .bss.xSuspendedTaskList
                0x200004f0       0x14 ./Src/FreeRTOS/Source/tasks.o
 .bss.uxCurrentNumberOfTasks
                0x20000504        0x4 ./Src/FreeRTOS/Source/tasks.o
 .bss.xTickCount
                0x20000508        0x4 ./Src/FreeRTOS/Source/tasks.o
 .bss.uxTopReadyPriority
                0x2000050c        0x4 ./Src/FreeRTOS/Source/tasks.o
 .bss.xSchedulerRunning
                0x20000510        0x4 ./Src/FreeRTOS/Source/tasks.o
 .bss.xPendedTicks
                0x20000514        0x4 ./Src/FreeRTOS/Source/tasks.o
 .bss.xYieldPendings
                0x20000518        0x4 ./Src/FreeRTOS/Source/tasks.o
 .bss.xNumOfOverflows
                0x2000051c        0x4 ./Src/FreeRTOS/Source/tasks.o
 .bss.uxTaskNumber
                0x20000520        0x4 ./Src/FreeRTOS/Source/tasks.o
 .bss.xNextTaskUnblockTime
                0x20000524        0x4 ./Src/FreeRTOS/Source/tasks.o
 .bss.xIdleTaskHandles
                0x20000528        0x4 ./Src/FreeRTOS/Source/tasks.o
 .bss.uxSchedulerSuspended
                0x2000052c        0x4 ./Src/FreeRTOS/Source/tasks.o
 .bss.ucHeap    0x20000530     0x1800 ./Src/FreeRTOS/Source/portable/MemMang/heap_2.o
 .bss.xStart    0x20001d30        0x8 ./Src/FreeRTOS/Source/portable/MemMang/heap_2.o
 .bss.xEnd      0x20001d38        0x8 ./Src/FreeRTOS/Source/portable/MemMang/heap_2.o
 .bss.xHeapHasBeenInitialised
                0x20001d40        0x4 ./Src/FreeRTOS/Source/portable/MemMang/heap_2.o
 *(COMMON)
                0x20001d44                        . = ALIGN (0x4)
                0x20001d44                        _ebss = .
                0x20001d44                        __bss_end__ = _ebss

._user_heap_stack
                0x20001d44      0x604 load address 0x08002520
                0x20001d48                        . = ALIGN (0x8)
 *fill*         0x20001d44        0x4 
                [!provide]                        PROVIDE (end = .)
                0x20001d48                        PROVIDE (_end = .)
                0x20001f48                        . = (. + _Min_Heap_Size)
 *fill*         0x20001d48      0x200 
                0x20002348                        . = (. + _Min_Stack_Size)
 *fill*         0x20001f48      0x400 
                0x20002348                        . = ALIGN (0x8)

/DISCARD/
 libc.a(*)
 libm.a(*)
 libgcc.a(*)

.ARM.attributes
                0x00000000       0x28
 *(.ARM.attributes)
 .ARM.attributes
                0x00000000       0x1e C:/ST/STM32CubeIDE_2.1.1/STM32CubeIDE/plugins/com.st.stm32cube.ide.mcu.externaltools.gnu-tools-for-stm32.14.3.rel1.win32_1.0.100.202602081740/tools/bin/../lib/gcc/arm-none-eabi/14.3.1/thumb/v6-m/nofp/crti.o
 .ARM.attributes
                0x0000001e       0x2c C:/ST/STM32CubeIDE_2.1.1/STM32CubeIDE/plugins/com.st.stm32cube.ide.mcu.externaltools.gnu-tools-for-stm32.14.3.rel1.win32_1.0.100.202602081740/tools/bin/../lib/gcc/arm-none-eabi/14.3.1/thumb/v6-m/nofp/crtbegin.o
 .ARM.attributes
                0x0000004a       0x2c ./Src/04B_Mutex.o
 .ARM.attributes
                0x00000076       0x2c ./Src/FreeRTOS/Source/list.o
 .ARM.attributes
                0x000000a2       0x2c ./Src/FreeRTOS/Source/queue.o
 .ARM.attributes
                0x000000ce       0x2c ./Src/FreeRTOS/Source/tasks.o
 .ARM.attributes
                0x000000fa       0x2c ./Src/FreeRTOS/Source/portable/GCC/ARM_CM0/port.o
 .ARM.attributes
                0x00000126       0x2c ./Src/FreeRTOS/Source/portable/GCC/ARM_CM0/portasm.o
 .ARM.attributes
                0x00000152       0x2c ./Src/FreeRTOS/Source/portable/MemMang/heap_2.o
 .ARM.attributes
                0x0000017e       0x22 ./Startup/startup_stm32g070rbtx.o
 .ARM.attributes
                0x000001a0       0x2c C:/ST/STM32CubeIDE_2.1.1/STM32CubeIDE/plugins/com.st.stm32cube.ide.mcu.externaltools.gnu-tools-for-stm32.14.3.rel1.win32_1.0.100.202602081740/tools/bin/../lib/gcc/arm-none-eabi/14.3.1/../../../../arm-none-eabi/lib/thumb/v6-m/nofp\libc_nano.a(libc_a-memset.o)
 .ARM.attributes
                0x000001cc       0x2c C:/ST/STM32CubeIDE_2.1.1/STM32CubeIDE/plugins/com.st.stm32cube.ide.mcu.externaltools.gnu-tools-for-stm32.14.3.rel1.win32_1.0.100.202602081740/tools/bin/../lib/gcc/arm-none-eabi/14.3.1/../../../../arm-none-eabi/lib/thumb/v6-m/nofp\libc_nano.a(libc_a-init.o)
 .ARM.attributes
                0x000001f8       0x2c C:/ST/STM32CubeIDE_2.1.1/STM32CubeIDE/plugins/com.st.stm32cube.ide.mcu.externaltools.gnu-tools-for-stm32.14.3.rel1.win32_1.0.100.202602081740/tools/bin/../lib/gcc/arm-none-eabi/14.3.1/../../../../arm-none-eabi/lib/thumb/v6-m/nofp\libc_nano.a(libc_a-memcpy-stub.o)
 .ARM.attributes
                0x00000224       0x1e C:/ST/STM32CubeIDE_2.1.1/STM32CubeIDE/plugins/com.st.stm32cube.ide.mcu.externaltools.gnu-tools-for-stm32.14.3.rel1.win32_1.0.100.202602081740/tools/bin/../lib/gcc/arm-none-eabi/14.3.1/thumb/v6-m/nofp\libgcc.a(_udivsi3.o)
 .ARM.attributes
                0x00000242       0x1e C:/ST/STM32CubeIDE_2.1.1/STM32CubeIDE/plugins/com.st.stm32cube.ide.mcu.externaltools.gnu-tools-for-stm32.14.3.rel1.win32_1.0.100.202602081740/tools/bin/../lib/gcc/arm-none-eabi/14.3.1/thumb/v6-m/nofp\libgcc.a(_dvmd_tls.o)
 .ARM.attributes
                0x00000260       0x1e C:/ST/STM32CubeIDE_2.1.1/STM32CubeIDE/plugins/com.st.stm32cube.ide.mcu.externaltools.gnu-tools-for-stm32.14.3.rel1.win32_1.0.100.202602081740/tools/bin/../lib/gcc/arm-none-eabi/14.3.1/thumb/v6-m/nofp/crtn.o
OUTPUT(04B_RTOS_Lab_Mutex.elf elf32-littlearm)
LOAD linker stubs
LOAD C:/ST/STM32CubeIDE_2.1.1/STM32CubeIDE/plugins/com.st.stm32cube.ide.mcu.externaltools.gnu-tools-for-stm32.14.3.rel1.win32_1.0.100.202602081740/tools/bin/../lib/gcc/arm-none-eabi/14.3.1/../../../../arm-none-eabi/lib/thumb/v6-m/nofp\libc.a
LOAD C:/ST/STM32CubeIDE_2.1.1/STM32CubeIDE/plugins/com.st.stm32cube.ide.mcu.externaltools.gnu-tools-for-stm32.14.3.rel1.win32_1.0.100.202602081740/tools/bin/../lib/gcc/arm-none-eabi/14.3.1/../../../../arm-none-eabi/lib/thumb/v6-m/nofp\libm.a
LOAD C:/ST/STM32CubeIDE_2.1.1/STM32CubeIDE/plugins/com.st.stm32cube.ide.mcu.externaltools.gnu-tools-for-stm32.14.3.rel1.win32_1.0.100.202602081740/tools/bin/../lib/gcc/arm-none-eabi/14.3.1/thumb/v6-m/nofp\libgcc.a

.debug_info     0x00000000     0x3d57
 .debug_info    0x00000000      0x2c8 ./Src/04B_Mutex.o
 .debug_info    0x000002c8      0x2aa ./Src/FreeRTOS/Source/list.o
 .debug_info    0x00000572     0x1250 ./Src/FreeRTOS/Source/queue.o
 .debug_info    0x000017c2     0x1d64 ./Src/FreeRTOS/Source/tasks.o
 .debug_info    0x00003526      0x327 ./Src/FreeRTOS/Source/portable/GCC/ARM_CM0/port.o
 .debug_info    0x0000384d      0x15a ./Src/FreeRTOS/Source/portable/GCC/ARM_CM0/portasm.o
 .debug_info    0x000039a7      0x380 ./Src/FreeRTOS/Source/portable/MemMang/heap_2.o
 .debug_info    0x00003d27       0x30 ./Startup/startup_stm32g070rbtx.o

.debug_abbrev   0x00000000      0xc80
 .debug_abbrev  0x00000000      0x150 ./Src/04B_Mutex.o
 .debug_abbrev  0x00000150       0xee ./Src/FreeRTOS/Source/list.o
 .debug_abbrev  0x0000023e      0x2c3 ./Src/FreeRTOS/Source/queue.o
 .debug_abbrev  0x00000501      0x302 ./Src/FreeRTOS/Source/tasks.o
 .debug_abbrev  0x00000803      0x1bd ./Src/FreeRTOS/Source/portable/GCC/ARM_CM0/port.o
 .debug_abbrev  0x000009c0       0xb8 ./Src/FreeRTOS/Source/portable/GCC/ARM_CM0/portasm.o
 .debug_abbrev  0x00000a78      0x1e4 ./Src/FreeRTOS/Source/portable/MemMang/heap_2.o
 .debug_abbrev  0x00000c5c       0x24 ./Startup/startup_stm32g070rbtx.o

.debug_aranges  0x00000000      0x4e8
 .debug_aranges
                0x00000000       0x30 ./Src/04B_Mutex.o
 .debug_aranges
                0x00000030       0x40 ./Src/FreeRTOS/Source/list.o
 .debug_aranges
                0x00000070      0x130 ./Src/FreeRTOS/Source/queue.o
 .debug_aranges
                0x000001a0      0x200 ./Src/FreeRTOS/Source/tasks.o
 .debug_aranges
                0x000003a0       0x70 ./Src/FreeRTOS/Source/portable/GCC/ARM_CM0/port.o
 .debug_aranges
                0x00000410       0x60 ./Src/FreeRTOS/Source/portable/GCC/ARM_CM0/portasm.o
 .debug_aranges
                0x00000470       0x50 ./Src/FreeRTOS/Source/portable/MemMang/heap_2.o
 .debug_aranges
                0x000004c0       0x28 ./Startup/startup_stm32g070rbtx.o

.debug_rnglists
                0x00000000      0x3c3
 .debug_rnglists
                0x00000000       0x1f ./Src/04B_Mutex.o
 .debug_rnglists
                0x0000001f       0x2b ./Src/FreeRTOS/Source/list.o
 .debug_rnglists
                0x0000004a       0xec ./Src/FreeRTOS/Source/queue.o
 .debug_rnglists
                0x00000136      0x1a7 ./Src/FreeRTOS/Source/tasks.o
 .debug_rnglists
                0x000002dd       0x51 ./Src/FreeRTOS/Source/portable/GCC/ARM_CM0/port.o
 .debug_rnglists
                0x0000032e       0x43 ./Src/FreeRTOS/Source/portable/GCC/ARM_CM0/portasm.o
 .debug_rnglists
                0x00000371       0x39 ./Src/FreeRTOS/Source/portable/MemMang/heap_2.o
 .debug_rnglists
                0x000003aa       0x19 ./Startup/startup_stm32g070rbtx.o

.debug_macro    0x00000000     0x492c
 .debug_macro   0x00000000      0x1df ./Src/04B_Mutex.o
 .debug_macro   0x000001df      0xac6 ./Src/04B_Mutex.o
 .debug_macro   0x00000ca5      0x190 ./Src/04B_Mutex.o
 .debug_macro   0x00000e35       0x22 ./Src/04B_Mutex.o
 .debug_macro   0x00000e57       0x8e ./Src/04B_Mutex.o
 .debug_macro   0x00000ee5       0x51 ./Src/04B_Mutex.o
 .debug_macro   0x00000f36      0x103 ./Src/04B_Mutex.o
 .debug_macro   0x00001039       0x6a ./Src/04B_Mutex.o
 .debug_macro   0x000010a3      0x1df ./Src/04B_Mutex.o
 .debug_macro   0x00001282       0x16 ./Src/04B_Mutex.o
 .debug_macro   0x00001298       0x61 ./Src/04B_Mutex.o
 .debug_macro   0x000012f9       0x24 ./Src/04B_Mutex.o
 .debug_macro   0x0000131d       0x43 ./Src/04B_Mutex.o
 .debug_macro   0x00001360       0x34 ./Src/04B_Mutex.o
 .debug_macro   0x00001394       0x16 ./Src/04B_Mutex.o
 .debug_macro   0x000013aa       0x3c ./Src/04B_Mutex.o
 .debug_macro   0x000013e6      0x364 ./Src/04B_Mutex.o
 .debug_macro   0x0000174a       0x10 ./Src/04B_Mutex.o
 .debug_macro   0x0000175a       0x16 ./Src/04B_Mutex.o
 .debug_macro   0x00001770       0x4a ./Src/04B_Mutex.o
 .debug_macro   0x000017ba       0x34 ./Src/04B_Mutex.o
 .debug_macro   0x000017ee       0x10 ./Src/04B_Mutex.o
 .debug_macro   0x000017fe       0x58 ./Src/04B_Mutex.o
 .debug_macro   0x00001856       0x8e ./Src/04B_Mutex.o
 .debug_macro   0x000018e4       0x1c ./Src/04B_Mutex.o
 .debug_macro   0x00001900      0x17e ./Src/04B_Mutex.o
 .debug_macro   0x00001a7e       0x16 ./Src/04B_Mutex.o
 .debug_macro   0x00001a94       0x16 ./Src/04B_Mutex.o
 .debug_macro   0x00001aaa      0x146 ./Src/04B_Mutex.o
 .debug_macro   0x00001bf0      0x1ba ./Src/04B_Mutex.o
 .debug_macro   0x00001daa       0x34 ./Src/04B_Mutex.o
 .debug_macro   0x00001dde      0x182 ./Src/04B_Mutex.o
 .debug_macro   0x00001f60      0x267 ./Src/04B_Mutex.o
 .debug_macro   0x000021c7       0x2e ./Src/04B_Mutex.o
 .debug_macro   0x000021f5       0x1f ./Src/04B_Mutex.o
 .debug_macro   0x00002214       0x12 ./Src/04B_Mutex.o
 .debug_macro   0x00002226     0x10a3 ./Src/04B_Mutex.o
 .debug_macro   0x000032c9       0xc3 ./Src/04B_Mutex.o
 .debug_macro   0x0000338c      0x161 ./Src/04B_Mutex.o
 .debug_macro   0x000034ed       0x80 ./Src/04B_Mutex.o
 .debug_macro   0x0000356d       0x85 ./Src/04B_Mutex.o
 .debug_macro   0x000035f2      0x1dc ./Src/FreeRTOS/Source/list.o
 .debug_macro   0x000037ce      0x11c ./Src/FreeRTOS/Source/list.o
 .debug_macro   0x000038ea       0x9b ./Src/FreeRTOS/Source/list.o
 .debug_macro   0x00003985       0x1c ./Src/FreeRTOS/Source/list.o
 .debug_macro   0x000039a1      0x273 ./Src/FreeRTOS/Source/queue.o
 .debug_macro   0x00003c14       0x16 ./Src/FreeRTOS/Source/queue.o
 .debug_macro   0x00003c2a       0x20 ./Src/FreeRTOS/Source/queue.o
 .debug_macro   0x00003c4a      0x307 ./Src/FreeRTOS/Source/tasks.o
 .debug_macro   0x00003f51       0x98 ./Src/FreeRTOS/Source/tasks.o
 .debug_macro   0x00003fe9       0x16 ./Src/FreeRTOS/Source/tasks.o
 .debug_macro   0x00003fff      0x34b ./Src/FreeRTOS/Source/portable/GCC/ARM_CM0/port.o
 .debug_macro   0x0000434a      0x1b4 ./Src/FreeRTOS/Source/portable/GCC/ARM_CM0/port.o
 .debug_macro   0x000044fe      0x1c4 ./Src/FreeRTOS/Source/portable/GCC/ARM_CM0/portasm.o
 .debug_macro   0x000046c2      0x26a ./Src/FreeRTOS/Source/portable/MemMang/heap_2.o

.debug_line     0x00000000     0x5d91
 .debug_line    0x00000000      0x78e ./Src/04B_Mutex.o
 .debug_line    0x0000078e      0x856 ./Src/FreeRTOS/Source/list.o
 .debug_line    0x00000fe4     0x153f ./Src/FreeRTOS/Source/queue.o
 .debug_line    0x00002523     0x1cb5 ./Src/FreeRTOS/Source/tasks.o
 .debug_line    0x000041d8      0x99b ./Src/FreeRTOS/Source/portable/GCC/ARM_CM0/port.o
 .debug_line    0x00004b73      0x827 ./Src/FreeRTOS/Source/portable/GCC/ARM_CM0/portasm.o
 .debug_line    0x0000539a      0x97c ./Src/FreeRTOS/Source/portable/MemMang/heap_2.o
 .debug_line    0x00005d16       0x7b ./Startup/startup_stm32g070rbtx.o

.debug_str      0x00000000    0x186a1
 .debug_str     0x00000000    0x186a1 ./Src/04B_Mutex.o
                              0x13cf2 (size before relaxing)
 .debug_str     0x000186a1    0x11a74 ./Src/FreeRTOS/Source/list.o
 .debug_str     0x000186a1    0x14399 ./Src/FreeRTOS/Source/queue.o
 .debug_str     0x000186a1    0x15226 ./Src/FreeRTOS/Source/tasks.o
 .debug_str     0x000186a1    0x1450d ./Src/FreeRTOS/Source/portable/GCC/ARM_CM0/port.o
 .debug_str     0x000186a1    0x117cd ./Src/FreeRTOS/Source/portable/GCC/ARM_CM0/portasm.o
 .debug_str     0x000186a1    0x13553 ./Src/FreeRTOS/Source/portable/MemMang/heap_2.o
 .debug_str     0x000186a1       0x8b ./Startup/startup_stm32g070rbtx.o

.comment        0x00000000       0x43
 .comment       0x00000000       0x43 ./Src/04B_Mutex.o
                                 0x44 (size before relaxing)
 .comment       0x00000043       0x44 ./Src/FreeRTOS/Source/list.o
 .comment       0x00000043       0x44 ./Src/FreeRTOS/Source/queue.o
 .comment       0x00000043       0x44 ./Src/FreeRTOS/Source/tasks.o
 .comment       0x00000043       0x44 ./Src/FreeRTOS/Source/portable/GCC/ARM_CM0/port.o
 .comment       0x00000043       0x44 ./Src/FreeRTOS/Source/portable/GCC/ARM_CM0/portasm.o
 .comment       0x00000043       0x44 ./Src/FreeRTOS/Source/portable/MemMang/heap_2.o

.debug_frame    0x00000000     0x10ac
 .debug_frame   0x00000000       0x70 ./Src/04B_Mutex.o
 .debug_frame   0x00000070       0xb0 ./Src/FreeRTOS/Source/list.o
 .debug_frame   0x00000120      0x478 ./Src/FreeRTOS/Source/queue.o
 .debug_frame   0x00000598      0x7a0 ./Src/FreeRTOS/Source/tasks.o
 .debug_frame   0x00000d38      0x15c ./Src/FreeRTOS/Source/portable/GCC/ARM_CM0/port.o
 .debug_frame   0x00000e94       0xa0 ./Src/FreeRTOS/Source/portable/GCC/ARM_CM0/portasm.o
 .debug_frame   0x00000f34       0xe4 ./Src/FreeRTOS/Source/portable/MemMang/heap_2.o
 .debug_frame   0x00001018       0x20 C:/ST/STM32CubeIDE_2.1.1/STM32CubeIDE/plugins/com.st.stm32cube.ide.mcu.externaltools.gnu-tools-for-stm32.14.3.rel1.win32_1.0.100.202602081740/tools/bin/../lib/gcc/arm-none-eabi/14.3.1/../../../../arm-none-eabi/lib/thumb/v6-m/nofp\libc_nano.a(libc_a-memset.o)
 .debug_frame   0x00001038       0x2c C:/ST/STM32CubeIDE_2.1.1/STM32CubeIDE/plugins/com.st.stm32cube.ide.mcu.externaltools.gnu-tools-for-stm32.14.3.rel1.win32_1.0.100.202602081740/tools/bin/../lib/gcc/arm-none-eabi/14.3.1/../../../../arm-none-eabi/lib/thumb/v6-m/nofp\libc_nano.a(libc_a-init.o)
 .debug_frame   0x00001064       0x28 C:/ST/STM32CubeIDE_2.1.1/STM32CubeIDE/plugins/com.st.stm32cube.ide.mcu.externaltools.gnu-tools-for-stm32.14.3.rel1.win32_1.0.100.202602081740/tools/bin/../lib/gcc/arm-none-eabi/14.3.1/../../../../arm-none-eabi/lib/thumb/v6-m/nofp\libc_nano.a(libc_a-memcpy-stub.o)
 .debug_frame   0x0000108c       0x20 C:/ST/STM32CubeIDE_2.1.1/STM32CubeIDE/plugins/com.st.stm32cube.ide.mcu.externaltools.gnu-tools-for-stm32.14.3.rel1.win32_1.0.100.202602081740/tools/bin/../lib/gcc/arm-none-eabi/14.3.1/thumb/v6-m/nofp\libgcc.a(_udivsi3.o)

.debug_line_str
                0x00000000       0x6f
 .debug_line_str
                0x00000000       0x6f ./Startup/startup_stm32g070rbtx.o
