Archive member included to satisfy reference by file (symbol)

C:/ST/STM32CubeIDE_2.1.1/STM32CubeIDE/plugins/com.st.stm32cube.ide.mcu.externaltools.gnu-tools-for-stm32.14.3.rel1.win32_1.0.100.202602081740/tools/bin/../lib/gcc/arm-none-eabi/14.3.1/../../../../arm-none-eabi/lib/thumb/v6-m/nofp\libc_nano.a(libc_a-exit.o)
                              C:/ST/STM32CubeIDE_2.1.1/STM32CubeIDE/plugins/com.st.stm32cube.ide.mcu.externaltools.gnu-tools-for-stm32.14.3.rel1.win32_1.0.100.202602081740/tools/bin/../lib/gcc/arm-none-eabi/14.3.1/../../../../arm-none-eabi/lib/thumb/v6-m/nofp/crt0.o (exit)
C:/ST/STM32CubeIDE_2.1.1/STM32CubeIDE/plugins/com.st.stm32cube.ide.mcu.externaltools.gnu-tools-for-stm32.14.3.rel1.win32_1.0.100.202602081740/tools/bin/../lib/gcc/arm-none-eabi/14.3.1/../../../../arm-none-eabi/lib/thumb/v6-m/nofp\libc_nano.a(libc_a-findfp.o)
                              C:/ST/STM32CubeIDE_2.1.1/STM32CubeIDE/plugins/com.st.stm32cube.ide.mcu.externaltools.gnu-tools-for-stm32.14.3.rel1.win32_1.0.100.202602081740/tools/bin/../lib/gcc/arm-none-eabi/14.3.1/../../../../arm-none-eabi/lib/thumb/v6-m/nofp\libc_nano.a(libc_a-exit.o) (__stdio_exit_handler)
C:/ST/STM32CubeIDE_2.1.1/STM32CubeIDE/plugins/com.st.stm32cube.ide.mcu.externaltools.gnu-tools-for-stm32.14.3.rel1.win32_1.0.100.202602081740/tools/bin/../lib/gcc/arm-none-eabi/14.3.1/../../../../arm-none-eabi/lib/thumb/v6-m/nofp\libc_nano.a(libc_a-fwalk.o)
                              C:/ST/STM32CubeIDE_2.1.1/STM32CubeIDE/plugins/com.st.stm32cube.ide.mcu.externaltools.gnu-tools-for-stm32.14.3.rel1.win32_1.0.100.202602081740/tools/bin/../lib/gcc/arm-none-eabi/14.3.1/../../../../arm-none-eabi/lib/thumb/v6-m/nofp\libc_nano.a(libc_a-findfp.o) (_fwalk_sglue)
C:/ST/STM32CubeIDE_2.1.1/STM32CubeIDE/plugins/com.st.stm32cube.ide.mcu.externaltools.gnu-tools-for-stm32.14.3.rel1.win32_1.0.100.202602081740/tools/bin/../lib/gcc/arm-none-eabi/14.3.1/../../../../arm-none-eabi/lib/thumb/v6-m/nofp\libc_nano.a(libc_a-puts.o)
                              ./Src/uart.o (puts)
C:/ST/STM32CubeIDE_2.1.1/STM32CubeIDE/plugins/com.st.stm32cube.ide.mcu.externaltools.gnu-tools-for-stm32.14.3.rel1.win32_1.0.100.202602081740/tools/bin/../lib/gcc/arm-none-eabi/14.3.1/../../../../arm-none-eabi/lib/thumb/v6-m/nofp\libc_nano.a(libc_a-stdio.o)
                              C:/ST/STM32CubeIDE_2.1.1/STM32CubeIDE/plugins/com.st.stm32cube.ide.mcu.externaltools.gnu-tools-for-stm32.14.3.rel1.win32_1.0.100.202602081740/tools/bin/../lib/gcc/arm-none-eabi/14.3.1/../../../../arm-none-eabi/lib/thumb/v6-m/nofp\libc_nano.a(libc_a-findfp.o) (__sread)
C:/ST/STM32CubeIDE_2.1.1/STM32CubeIDE/plugins/com.st.stm32cube.ide.mcu.externaltools.gnu-tools-for-stm32.14.3.rel1.win32_1.0.100.202602081740/tools/bin/../lib/gcc/arm-none-eabi/14.3.1/../../../../arm-none-eabi/lib/thumb/v6-m/nofp\libc_nano.a(libc_a-wbuf.o)
                              C:/ST/STM32CubeIDE_2.1.1/STM32CubeIDE/plugins/com.st.stm32cube.ide.mcu.externaltools.gnu-tools-for-stm32.14.3.rel1.win32_1.0.100.202602081740/tools/bin/../lib/gcc/arm-none-eabi/14.3.1/../../../../arm-none-eabi/lib/thumb/v6-m/nofp\libc_nano.a(libc_a-puts.o) (__swbuf_r)
C:/ST/STM32CubeIDE_2.1.1/STM32CubeIDE/plugins/com.st.stm32cube.ide.mcu.externaltools.gnu-tools-for-stm32.14.3.rel1.win32_1.0.100.202602081740/tools/bin/../lib/gcc/arm-none-eabi/14.3.1/../../../../arm-none-eabi/lib/thumb/v6-m/nofp\libc_nano.a(libc_a-wsetup.o)
                              C:/ST/STM32CubeIDE_2.1.1/STM32CubeIDE/plugins/com.st.stm32cube.ide.mcu.externaltools.gnu-tools-for-stm32.14.3.rel1.win32_1.0.100.202602081740/tools/bin/../lib/gcc/arm-none-eabi/14.3.1/../../../../arm-none-eabi/lib/thumb/v6-m/nofp\libc_nano.a(libc_a-puts.o) (__swsetup_r)
C:/ST/STM32CubeIDE_2.1.1/STM32CubeIDE/plugins/com.st.stm32cube.ide.mcu.externaltools.gnu-tools-for-stm32.14.3.rel1.win32_1.0.100.202602081740/tools/bin/../lib/gcc/arm-none-eabi/14.3.1/../../../../arm-none-eabi/lib/thumb/v6-m/nofp\libc_nano.a(libc_a-memset.o)
                              C:/ST/STM32CubeIDE_2.1.1/STM32CubeIDE/plugins/com.st.stm32cube.ide.mcu.externaltools.gnu-tools-for-stm32.14.3.rel1.win32_1.0.100.202602081740/tools/bin/../lib/gcc/arm-none-eabi/14.3.1/../../../../arm-none-eabi/lib/thumb/v6-m/nofp/crt0.o (memset)
C:/ST/STM32CubeIDE_2.1.1/STM32CubeIDE/plugins/com.st.stm32cube.ide.mcu.externaltools.gnu-tools-for-stm32.14.3.rel1.win32_1.0.100.202602081740/tools/bin/../lib/gcc/arm-none-eabi/14.3.1/../../../../arm-none-eabi/lib/thumb/v6-m/nofp\libc_nano.a(libc_a-closer.o)
                              C:/ST/STM32CubeIDE_2.1.1/STM32CubeIDE/plugins/com.st.stm32cube.ide.mcu.externaltools.gnu-tools-for-stm32.14.3.rel1.win32_1.0.100.202602081740/tools/bin/../lib/gcc/arm-none-eabi/14.3.1/../../../../arm-none-eabi/lib/thumb/v6-m/nofp\libc_nano.a(libc_a-stdio.o) (_close_r)
[...]
Memory Configuration

Name             Origin             Length             Attributes
RAM              0x20000000         0x00009000         xrw
FLASH            0x08000000         0x00020000         xr
*default*        0x00000000         0xffffffff

Linker script and memory map

LOAD C:/ST/STM32CubeIDE_2.1.1/STM32CubeIDE/plugins/com.st.stm32cube.ide.mcu.externaltools.gnu-tools-for-stm32.14.3.rel1.win32_1.0.100.202602081740/tools/bin/../lib/gcc/arm-none-eabi/14.3.1/thumb/v6-m/nofp/crti.o
LOAD C:/ST/STM32CubeIDE_2.1.1/STM32CubeIDE/plugins/com.st.stm32cube.ide.mcu.externaltools.gnu-tools-for-stm32.14.3.rel1.win32_1.0.100.202602081740/tools/bin/../lib/gcc/arm-none-eabi/14.3.1/thumb/v6-m/nofp/crtbegin.o
LOAD C:/ST/STM32CubeIDE_2.1.1/STM32CubeIDE/plugins/com.st.stm32cube.ide.mcu.externaltools.gnu-tools-for-stm32.14.3.rel1.win32_1.0.100.202602081740/tools/bin/../lib/gcc/arm-none-eabi/14.3.1/../../../../arm-none-eabi/lib/thumb/v6-m/nofp/crt0.o
LOAD ./Src/08_Idle_Hook.o
LOAD ./Src/syscalls.o
LOAD ./Src/sysmem.o
LOAD ./Src/uart.o
LOAD ./Src/FreeRTOS/Source/list.o
LOAD ./Src/FreeRTOS/Source/queue.o
LOAD ./Src/FreeRTOS/Source/tasks.o
LOAD ./Src/FreeRTOS/Source/portable/GCC/ARM_CM0/port.o
LOAD ./Src/FreeRTOS/Source/portable/GCC/ARM_CM0/portasm.o
LOAD ./Src/FreeRTOS/Source/portable/MemMang/heap_2.o
LOAD ./Startup/startup_stm32g070rbtx.o
START GROUP
LOAD C:/ST/STM32CubeIDE_2.1.1/STM32CubeIDE/plugins/com.st.stm32cube.ide.mcu.externaltools.gnu-tools-for-stm32.14.3.rel1.win32_1.0.100.202602081740/tools/bin/../lib/gcc/arm-none-eabi/14.3.1/../../../../arm-none-eabi/lib/thumb/v6-m/nofp\libc_nano.a
LOAD C:/ST/STM32CubeIDE_2.1.1/STM32CubeIDE/plugins/com.st.stm32cube.ide.mcu.externaltools.gnu-tools-for-stm32.14.3.rel1.win32_1.0.100.202602081740/tools/bin/../lib/gcc/arm-none-eabi/14.3.1/../../../../arm-none-eabi/lib/thumb/v6-m/nofp\libm.a
END GROUP
START GROUP
LOAD C:/ST/STM32CubeIDE_2.1.1/STM32CubeIDE/plugins/com.st.stm32cube.ide.mcu.externaltools.gnu-tools-for-stm32.14.3.rel1.win32_1.0.100.202602081740/tools/bin/../lib/gcc/arm-none-eabi/14.3.1/thumb/v6-m/nofp\libgcc.a
LOAD C:/ST/STM32CubeIDE_2.1.1/STM32CubeIDE/plugins/com.st.stm32cube.ide.mcu.externaltools.gnu-tools-for-stm32.14.3.rel1.win32_1.0.100.202602081740/tools/bin/../lib/gcc/arm-none-eabi/14.3.1/../../../../arm-none-eabi/lib/thumb/v6-m/nofp\libc_nano.a
END GROUP
START GROUP
LOAD C:/ST/STM32CubeIDE_2.1.1/STM32CubeIDE/plugins/com.st.stm32cube.ide.mcu.externaltools.gnu-tools-for-stm32.14.3.rel1.win32_1.0.100.202602081740/tools/bin/../lib/gcc/arm-none-eabi/14.3.1/thumb/v6-m/nofp\libgcc.a
LOAD C:/ST/STM32CubeIDE_2.1.1/STM32CubeIDE/plugins/com.st.stm32cube.ide.mcu.externaltools.gnu-tools-for-stm32.14.3.rel1.win32_1.0.100.202602081740/tools/bin/../lib/gcc/arm-none-eabi/14.3.1/../../../../arm-none-eabi/lib/thumb/v6-m/nofp\libc_nano.a
LOAD C:/ST/STM32CubeIDE_2.1.1/STM32CubeIDE/plugins/com.st.stm32cube.ide.mcu.externaltools.gnu-tools-for-stm32.14.3.rel1.win32_1.0.100.202602081740/tools/bin/../lib/gcc/arm-none-eabi/14.3.1/../../../../arm-none-eabi/lib/thumb/v6-m/nofp\libnosys.a
END GROUP
START GROUP
LOAD C:/ST/STM32CubeIDE_2.1.1/STM32CubeIDE/plugins/com.st.stm32cube.ide.mcu.externaltools.gnu-tools-for-stm32.14.3.rel1.win32_1.0.100.202602081740/tools/bin/../lib/gcc/arm-none-eabi/14.3.1/thumb/v6-m/nofp\libgcc.a
LOAD C:/ST/STM32CubeIDE_2.1.1/STM32CubeIDE/plugins/com.st.stm32cube.ide.mcu.externaltools.gnu-tools-for-stm32.14.3.rel1.win32_1.0.100.202602081740/tools/bin/../lib/gcc/arm-none-eabi/14.3.1/../../../../arm-none-eabi/lib/thumb/v6-m/nofp\libc_nano.a
LOAD C:/ST/STM32CubeIDE_2.1.1/STM32CubeIDE/plugins/com.st.stm32cube.ide.mcu.externaltools.gnu-tools-for-stm32.14.3.rel1.win32_1.0.100.202602081740/tools/bin/../lib/gcc/arm-none-eabi/14.3.1/../../../../arm-none-eabi/lib/thumb/v6-m/nofp\libnosys.a
END GROUP
LOAD C:/ST/STM32CubeIDE_2.1.1/STM32CubeIDE/plugins/com.st.stm32cube.ide.mcu.externaltools.gnu-tools-for-stm32.14.3.rel1.win32_1.0.100.202602081740/tools/bin/../lib/gcc/arm-none-eabi/14.3.1/thumb/v6-m/nofp/crtend.o
LOAD C:/ST/STM32CubeIDE_2.1.1/STM32CubeIDE/plugins/com.st.stm32cube.ide.mcu.externaltools.gnu-tools-for-stm32.14.3.rel1.win32_1.0.100.202602081740/tools/bin/../lib/gcc/arm-none-eabi/14.3.1/thumb/v6-m/nofp/crtn.o
                0x20009000                        _estack = (ORIGIN (RAM) + LENGTH (RAM))
                0x00000200                        _Min_Heap_Size = 0x200
                0x00000400                        _Min_Stack_Size = 0x400

.isr_vector     0x08000000       0xbc
                0x08000000                        . = ALIGN (0x4)
 *(.isr_vector)
 .isr_vector    0x08000000       0xbc ./Startup/startup_stm32g070rbtx.o
                0x08000000                g_pfnVectors
                0x080000bc                        . = ALIGN (0x4)

.text           0x080000c0     0x152c
                0x080000c0                        . = ALIGN (0x4)
 *(.text)
 .text          0x080000c0       0x48 C:/ST/STM32CubeIDE_2.1.1/STM32CubeIDE/plugins/com.st.stm32cube.ide.mcu.externaltools.gnu-tools-for-stm32.14.3.rel1.win32_1.0.100.202602081740/tools/bin/../lib/gcc/arm-none-eabi/14.3.1/thumb/v6-m/nofp/crtbegin.o
 .text          0x08000108      0x114 C:/ST/STM32CubeIDE_2.1.1/STM32CubeIDE/plugins/com.st.stm32cube.ide.mcu.externaltools.gnu-tools-for-stm32.14.3.rel1.win32_1.0.100.202602081740/tools/bin/../lib/gcc/arm-none-eabi/14.3.1/thumb/v6-m/nofp\libgcc.a(_udivsi3.o)
                0x08000108                __aeabi_uidiv
                0x08000108                __udivsi3
                0x08000214                __aeabi_uidivmod
 .text          0x0800021c        0x4 C:/ST/STM32CubeIDE_2.1.1/STM32CubeIDE/plugins/com.st.stm32cube.ide.mcu.externaltools.gnu-tools-for-stm32.14.3.rel1.win32_1.0.100.202602081740/tools/bin/../lib/gcc/arm-none-eabi/14.3.1/thumb/v6-m/nofp\libgcc.a(_dvmd_tls.o)
                0x0800021c                __aeabi_idiv0
                0x0800021c                __aeabi_ldiv0
 *(.text*)
 .text.vApplicationIdleHook
                0x08000220       0x18 ./Src/08_Idle_Hook.o
                0x08000220                vApplicationIdleHook
 .text.MyTask   0x08000238       0x14 ./Src/08_Idle_Hook.o
                0x08000238                MyTask
 .text.main     0x0800024c       0x2c ./Src/08_Idle_Hook.o
                0x0800024c                main
 .text.vListInitialise
                0x08000278       0x3c ./Src/FreeRTOS/Source/list.o
                0x08000278                vListInitialise
 .text.vListInitialiseItem
                0x080002b4       0x16 ./Src/FreeRTOS/Source/list.o
                0x080002b4                vListInitialiseItem
 .text.vListInsert
                0x080002ca       0x6c ./Src/FreeRTOS/Source/list.o
                0x080002ca                vListInsert
 .text.uxListRemove
                0x08000336       0x50 ./Src/FreeRTOS/Source/list.o
                0x08000336                uxListRemove
 .text.prvCreateTask
                0x08000386       0x82 ./Src/FreeRTOS/Source/tasks.o
 .text.xTaskCreate
                0x08000408       0x4c ./Src/FreeRTOS/Source/tasks.o
                0x08000408                xTaskCreate
 .text.prvInitialiseNewTask
                0x08000454      0x11c ./Src/FreeRTOS/Source/tasks.o
 .text.prvAddNewTaskToReadyList
                0x08000570      0x118 ./Src/FreeRTOS/Source/tasks.o
 .text.vTaskDelay
                0x08000688       0x4c ./Src/FreeRTOS/Source/tasks.o
                0x08000688                vTaskDelay
 .text.prvCreateIdleTasks
                0x080006d4       0xb0 ./Src/FreeRTOS/Source/tasks.o
 .text.vTaskStartScheduler
                0x08000784       0x58 ./Src/FreeRTOS/Source/tasks.o
                0x08000784                vTaskStartScheduler
 .text.vTaskSuspendAll
                0x080007dc       0x18 ./Src/FreeRTOS/Source/tasks.o
                0x080007dc                vTaskSuspendAll
 .text.xTaskResumeAll
                0x080007f4      0x1ec ./Src/FreeRTOS/Source/tasks.o
                0x080007f4                xTaskResumeAll
 .text.xTaskIncrementTick
                0x080009e0      0x21c ./Src/FreeRTOS/Source/tasks.o
                0x080009e0                xTaskIncrementTick
 .text.vTaskSwitchContext
                0x08000bfc       0xa8 ./Src/FreeRTOS/Source/tasks.o
                0x08000bfc                vTaskSwitchContext
 .text.prvIdleTask
                0x08000ca4       0x24 ./Src/FreeRTOS/Source/tasks.o
 .text.prvInitialiseTaskLists
                0x08000cc8       0x88 ./Src/FreeRTOS/Source/tasks.o
 .text.prvCheckTasksWaitingTermination
                0x08000d50       0x5c ./Src/FreeRTOS/Source/tasks.o
 .text.prvDeleteTCB
                0x08000dac       0x22 ./Src/FreeRTOS/Source/tasks.o
 *fill*         0x08000dce        0x2 
 .text.prvResetNextTaskUnblockTime
                0x08000dd0       0x34 ./Src/FreeRTOS/Source/tasks.o
 .text.prvAddCurrentTaskToDelayedList
                0x08000e04       0xe4 ./Src/FreeRTOS/Source/tasks.o
 .text.vPortSetupTimerInterrupt
                0x08000ee8       0x44 ./Src/FreeRTOS/Source/portable/GCC/ARM_CM0/port.o
                0x08000ee8                vPortSetupTimerInterrupt
 .text.prvTaskExitError
                0x08000f2c       0x30 ./Src/FreeRTOS/Source/portable/GCC/ARM_CM0/port.o
 .text.vPortYield
                0x08000f5c       0x20 ./Src/FreeRTOS/Source/portable/GCC/ARM_CM0/port.o
                0x08000f5c                vPortYield
 .text.vPortEnterCritical
                0x08000f7c       0x24 ./Src/FreeRTOS/Source/portable/GCC/ARM_CM0/port.o
                0x08000f7c                vPortEnterCritical
 .text.vPortExitCritical
                0x08000fa0       0x30 ./Src/FreeRTOS/Source/portable/GCC/ARM_CM0/port.o
                0x08000fa0                vPortExitCritical
 .text.SysTick_Handler
                0x08000fd0       0x34 ./Src/FreeRTOS/Source/portable/GCC/ARM_CM0/port.o
                0x08000fd0                SysTick_Handler
 .text.vPortSVCHandler_C
                0x08001004       0x38 ./Src/FreeRTOS/Source/portable/GCC/ARM_CM0/port.o
                0x08001004                vPortSVCHandler_C
 .text.pxPortInitialiseStack
                0x0800103c      0x11c ./Src/FreeRTOS/Source/portable/GCC/ARM_CM0/port.o
                0x0800103c                pxPortInitialiseStack
 .text.xPortStartScheduler
                0x08001158       0x8c ./Src/FreeRTOS/Source/portable/GCC/ARM_CM0/port.o
                0x08001158                xPortStartScheduler
 *fill*         0x080011e4        0xc 
 .text.vRestoreContextOfFirstTask
                0x080011f0       0x28 ./Src/FreeRTOS/Source/portable/GCC/ARM_CM0/portasm.o
                0x080011f0                vRestoreContextOfFirstTask
 *fill*         0x08001218        0x8 
 .text.vStartFirstTask
                0x08001220       0x14 ./Src/FreeRTOS/Source/portable/GCC/ARM_CM0/portasm.o
                0x08001220                vStartFirstTask
 .text.ulSetInterruptMask
                0x08001234        0xc ./Src/FreeRTOS/Source/portable/GCC/ARM_CM0/portasm.o
                0x08001234                ulSetInterruptMask
 .text.vClearInterruptMask
                0x08001240        0x8 ./Src/FreeRTOS/Source/portable/GCC/ARM_CM0/portasm.o
                0x08001240                vClearInterruptMask
 *fill*         0x08001248        0x8 
 .text.PendSV_Handler
                0x08001250       0x48 ./Src/FreeRTOS/Source/portable/GCC/ARM_CM0/portasm.o
                0x08001250                PendSV_Handler
 *fill*         0x08001298        0x8 
 .text.SVC_Handler
                0x080012a0       0x28 ./Src/FreeRTOS/Source/portable/GCC/ARM_CM0/portasm.o
                0x080012a0                SVC_Handler
 .text.pvPortMalloc
                0x080012c8      0x164 ./Src/FreeRTOS/Source/portable/MemMang/heap_2.o
                0x080012c8                pvPortMalloc
 .text.vPortFree
                0x0800142c       0xac ./Src/FreeRTOS/Source/portable/MemMang/heap_2.o
                0x0800142c                vPortFree
 .text.prvHeapInit
                0x080014d8       0x50 ./Src/FreeRTOS/Source/portable/MemMang/heap_2.o
 .text.Reset_Handler
                0x08001528       0x50 ./Startup/startup_stm32g070rbtx.o
                0x08001528                Reset_Handler
 .text.Default_Handler
                0x08001578        0x2 ./Startup/startup_stm32g070rbtx.o
                0x08001578                TIM1_CC_IRQHandler
                0x08001578                HardFault_Handler
                0x08001578                RTC_STAMP_IRQHandler
                0x08001578                NMI_Handler
                0x08001578                I2C1_IRQHandler
                0x08001578                TIM7_LPTIM2_IRQHandler
                0x08001578                DMA1_Channel4_5_6_7_DMAMUX_DMA2_Channel1_2_3_4_5_IRQHandler
                0x08001578                SPI1_IRQHandler
                0x08001578                TIM1_BRK_UP_TRG_COMP_IRQHandler
                0x08001578                EXTI2_3_IRQHandler
                0x08001578                I2C2_IRQHandler
                0x08001578                TIM17_IRQHandler
                0x08001578                TIM16_IRQHandler
                0x08001578                TIM3_IRQHandler
                0x08001578                EXTI4_15_IRQHandler
                0x08001578                RCC_IRQHandler
                0x08001578                DMA1_Channel1_IRQHandler
                0x08001578                Default_Handler
                0x08001578                CEC_IRQHandler
                0x08001578                TIM14_IRQHandler
                0x08001578                ADC_IRQHandler
                0x08001578                TIM15_IRQHandler
                0x08001578                EXTI0_1_IRQHandler
                0x08001578                SPI2_IRQHandler
                0x08001578                TIM6_DAC_LPTIM1_IRQHandler
                0x08001578                WWDG_IRQHandler
                0x08001578                TIM2_IRQHandler
                0x08001578                DMA1_Channel2_3_IRQHandler
                0x08001578                USART2_IRQHandler
                0x08001578                FLASH_IRQHandler
                0x08001578                USART1_IRQHandler
                0x08001578                USART3_USART4_LPUART1_IRQHandler
 .text.memset   0x0800157a       0x10 C:/ST/STM32CubeIDE_2.1.1/STM32CubeIDE/plugins/com.st.stm32cube.ide.mcu.externaltools.gnu-tools-for-stm32.14.3.rel1.win32_1.0.100.202602081740/tools/bin/../lib/gcc/arm-none-eabi/14.3.1/../../../../arm-none-eabi/lib/thumb/v6-m/nofp\libc_nano.a(libc_a-memset.o)
                0x0800157a                memset
 *fill*         0x0800158a        0x2 
 .text.__libc_init_array
                0x0800158c       0x48 C:/ST/STM32CubeIDE_2.1.1/STM32CubeIDE/plugins/com.st.stm32cube.ide.mcu.externaltools.gnu-tools-for-stm32.14.3.rel1.win32_1.0.100.202602081740/tools/bin/../lib/gcc/arm-none-eabi/14.3.1/../../../../arm-none-eabi/lib/thumb/v6-m/nofp\libc_nano.a(libc_a-init.o)
                0x0800158c                __libc_init_array
 *(.glue_7)
 .glue_7        0x080015d4        0x0 linker stubs
 *(.glue_7t)
 .glue_7t       0x080015d4        0x0 linker stubs
 *(.eh_frame)
 .eh_frame      0x080015d4        0x0 C:/ST/STM32CubeIDE_2.1.1/STM32CubeIDE/plugins/com.st.stm32cube.ide.mcu.externaltools.gnu-tools-for-stm32.14.3.rel1.win32_1.0.100.202602081740/tools/bin/../lib/gcc/arm-none-eabi/14.3.1/thumb/v6-m/nofp/crtbegin.o
 *(.init)
 .init          0x080015d4        0x4 C:/ST/STM32CubeIDE_2.1.1/STM32CubeIDE/plugins/com.st.stm32cube.ide.mcu.externaltools.gnu-tools-for-stm32.14.3.rel1.win32_1.0.100.202602081740/tools/bin/../lib/gcc/arm-none-eabi/14.3.1/thumb/v6-m/nofp/crti.o
                0x080015d4                _init
 .init          0x080015d8        0x8 C:/ST/STM32CubeIDE_2.1.1/STM32CubeIDE/plugins/com.st.stm32cube.ide.mcu.externaltools.gnu-tools-for-stm32.14.3.rel1.win32_1.0.100.202602081740/tools/bin/../lib/gcc/arm-none-eabi/14.3.1/thumb/v6-m/nofp/crtn.o
 *(.fini)
 .fini          0x080015e0        0x4 C:/ST/STM32CubeIDE_2.1.1/STM32CubeIDE/plugins/com.st.stm32cube.ide.mcu.externaltools.gnu-tools-for-stm32.14.3.rel1.win32_1.0.100.202602081740/tools/bin/../lib/gcc/arm-none-eabi/14.3.1/thumb/v6-m/nofp/crti.o
                0x080015e0                _fini
 .fini          0x080015e4        0x8 C:/ST/STM32CubeIDE_2.1.1/STM32CubeIDE/plugins/com.st.stm32cube.ide.mcu.externaltools.gnu-tools-for-stm32.14.3.rel1.win32_1.0.100.202602081740/tools/bin/../lib/gcc/arm-none-eabi/14.3.1/thumb/v6-m/nofp/crtn.o
                0x080015ec                        . = ALIGN (0x4)
                0x080015ec                        _etext = .

.vfp11_veneer   0x080015ec        0x0
 .vfp11_veneer  0x080015ec        0x0 linker stubs

.v4_bx          0x080015ec        0x0
 .v4_bx         0x080015ec        0x0 linker stubs

.iplt           0x080015ec        0x0
 .iplt          0x080015ec        0x0 C:/ST/STM32CubeIDE_2.1.1/STM32CubeIDE/plugins/com.st.stm32cube.ide.mcu.externaltools.gnu-tools-for-stm32.14.3.rel1.win32_1.0.100.202602081740/tools/bin/../lib/gcc/arm-none-eabi/14.3.1/thumb/v6-m/nofp/crtbegin.o

.rodata         0x080015ec       0x14
                0x080015ec                        . = ALIGN (0x4)
 *(.rodata)
 .rodata        0x080015ec        0x7 ./Src/08_Idle_Hook.o
 *fill*         0x080015f3        0x1 
 .rodata        0x080015f4        0x5 ./Src/FreeRTOS/Source/tasks.o
 *(.rodata*)
 *fill*         0x080015f9        0x3 
 .rodata.uxTopUsedPriority
                0x080015fc        0x4 ./Src/FreeRTOS/Source/tasks.o
                0x08001600                        . = ALIGN (0x4)

.ARM.extab      0x08001600        0x0
                0x08001600                        . = ALIGN (0x4)
 *(.ARM.extab* .gnu.linkonce.armextab.*)
                0x08001600                        . = ALIGN (0x4)

.ARM            0x08001600        0x0
                0x08001600                        . = ALIGN (0x4)
                0x08001600                        __exidx_start = .
 *(.ARM.exidx*)
                0x08001600                        __exidx_end = .
                0x08001600                        . = ALIGN (0x4)

.preinit_array  0x08001600        0x0
                0x08001600                        . = ALIGN (0x4)
                0x08001600                        PROVIDE (__preinit_array_start = .)
 *(.preinit_array*)
                0x08001600                        PROVIDE (__preinit_array_end = .)
                0x08001600                        . = ALIGN (0x4)

.init_array     0x08001600        0x4
                0x08001600                        . = ALIGN (0x4)
                0x08001600                        PROVIDE (__init_array_start = .)
 *(SORT_BY_NAME(.init_array.*))
 *(.init_array*)
 .init_array    0x08001600        0x4 C:/ST/STM32CubeIDE_2.1.1/STM32CubeIDE/plugins/com.st.stm32cube.ide.mcu.externaltools.gnu-tools-for-stm32.14.3.rel1.win32_1.0.100.202602081740/tools/bin/../lib/gcc/arm-none-eabi/14.3.1/thumb/v6-m/nofp/crtbegin.o
                0x08001604                        PROVIDE (__init_array_end = .)
                0x08001604                        . = ALIGN (0x4)

.fini_array     0x08001604        0x4
                0x08001604                        . = ALIGN (0x4)
                [!provide]                        PROVIDE (__fini_array_start = .)
 *(SORT_BY_NAME(.fini_array.*))
 *(.fini_array*)
 .fini_array    0x08001604        0x4 C:/ST/STM32CubeIDE_2.1.1/STM32CubeIDE/plugins/com.st.stm32cube.ide.mcu.externaltools.gnu-tools-for-stm32.14.3.rel1.win32_1.0.100.202602081740/tools/bin/../lib/gcc/arm-none-eabi/14.3.1/thumb/v6-m/nofp/crtbegin.o
                [!provide]                        PROVIDE (__fini_array_end = .)
                0x08001608                        . = ALIGN (0x4)
                0x08001608                        _sidata = LOADADDR (.data)

.rel.dyn        0x08001608        0x0
 .rel.iplt      0x08001608        0x0 C:/ST/STM32CubeIDE_2.1.1/STM32CubeIDE/plugins/com.st.stm32cube.ide.mcu.externaltools.gnu-tools-for-stm32.14.3.rel1.win32_1.0.100.202602081740/tools/bin/../lib/gcc/arm-none-eabi/14.3.1/thumb/v6-m/nofp/crtbegin.o

.data           0x20000000        0xc load address 0x08001608
                0x20000000                        . = ALIGN (0x4)
                0x20000000                        _sdata = .
 *(.data)
 *(.data*)
 .data.SystemCoreClock
                0x20000000        0x4 ./Src/08_Idle_Hook.o
                0x20000000                SystemCoreClock
 .data.ulCriticalNesting
                0x20000004        0x4 ./Src/FreeRTOS/Source/portable/GCC/ARM_CM0/port.o
 .data.xFreeBytesRemaining
                0x20000008        0x4 ./Src/FreeRTOS/Source/portable/MemMang/heap_2.o
 *(.RamFunc)
 *(.RamFunc*)
                0x2000000c                        . = ALIGN (0x4)
                0x2000000c                        _edata = .

.igot.plt       0x2000000c        0x0 load address 0x08001614
 .igot.plt      0x2000000c        0x0 C:/ST/STM32CubeIDE_2.1.1/STM32CubeIDE/plugins/com.st.stm32cube.ide.mcu.externaltools.gnu-tools-for-stm32.14.3.rel1.win32_1.0.100.202602081740/tools/bin/../lib/gcc/arm-none-eabi/14.3.1/thumb/v6-m/nofp/crtbegin.o
                0x2000000c                        . = ALIGN (0x4)

.bss            0x2000000c     0x1d34 load address 0x08001614
                0x2000000c                        _sbss = .
                0x2000000c                        __bss_start__ = _sbss
 *(.bss)
 .bss           0x2000000c       0x1c C:/ST/STM32CubeIDE_2.1.1/STM32CubeIDE/plugins/com.st.stm32cube.ide.mcu.externaltools.gnu-tools-for-stm32.14.3.rel1.win32_1.0.100.202602081740/tools/bin/../lib/gcc/arm-none-eabi/14.3.1/thumb/v6-m/nofp/crtbegin.o
 *(.bss*)
 .bss.idleCount
                0x20000028        0x4 ./Src/08_Idle_Hook.o
                0x20000028                idleCount
 .bss.pxCurrentTCB
                0x2000002c        0x4 ./Src/FreeRTOS/Source/tasks.o
                0x2000002c                pxCurrentTCB
 .bss.pxReadyTasksLists
                0x20000030      0x460 ./Src/FreeRTOS/Source/tasks.o
 .bss.xDelayedTaskList1
                0x20000490       0x14 ./Src/FreeRTOS/Source/tasks.o
 .bss.xDelayedTaskList2
                0x200004a4       0x14 ./Src/FreeRTOS/Source/tasks.o
 .bss.pxDelayedTaskList
                0x200004b8        0x4 ./Src/FreeRTOS/Source/tasks.o
 .bss.pxOverflowDelayedTaskList
                0x200004bc        0x4 ./Src/FreeRTOS/Source/tasks.o
 .bss.xPendingReadyList
                0x200004c0       0x14 ./Src/FreeRTOS/Source/tasks.o
 .bss.xTasksWaitingTermination
                0x200004d4       0x14 ./Src/FreeRTOS/Source/tasks.o
 .bss.uxDeletedTasksWaitingCleanUp
                0x200004e8        0x4 ./Src/FreeRTOS/Source/tasks.o
 .bss.xSuspendedTaskList
                0x200004ec       0x14 ./Src/FreeRTOS/Source/tasks.o
 .bss.uxCurrentNumberOfTasks
                0x20000500        0x4 ./Src/FreeRTOS/Source/tasks.o
 .bss.xTickCount
                0x20000504        0x4 ./Src/FreeRTOS/Source/tasks.o
 .bss.uxTopReadyPriority
                0x20000508        0x4 ./Src/FreeRTOS/Source/tasks.o
 .bss.xSchedulerRunning
                0x2000050c        0x4 ./Src/FreeRTOS/Source/tasks.o
 .bss.xPendedTicks
                0x20000510        0x4 ./Src/FreeRTOS/Source/tasks.o
 .bss.xYieldPendings
                0x20000514        0x4 ./Src/FreeRTOS/Source/tasks.o
 .bss.xNumOfOverflows
                0x20000518        0x4 ./Src/FreeRTOS/Source/tasks.o
 .bss.uxTaskNumber
                0x2000051c        0x4 ./Src/FreeRTOS/Source/tasks.o
 .bss.xNextTaskUnblockTime
                0x20000520        0x4 ./Src/FreeRTOS/Source/tasks.o
 .bss.xIdleTaskHandles
                0x20000524        0x4 ./Src/FreeRTOS/Source/tasks.o
 .bss.uxSchedulerSuspended
                0x20000528        0x4 ./Src/FreeRTOS/Source/tasks.o
 .bss.ucHeap    0x2000052c     0x1800 ./Src/FreeRTOS/Source/portable/MemMang/heap_2.o
 .bss.xStart    0x20001d2c        0x8 ./Src/FreeRTOS/Source/portable/MemMang/heap_2.o
 .bss.xEnd      0x20001d34        0x8 ./Src/FreeRTOS/Source/portable/MemMang/heap_2.o
 .bss.xHeapHasBeenInitialised
                0x20001d3c        0x4 ./Src/FreeRTOS/Source/portable/MemMang/heap_2.o
 *(COMMON)
                0x20001d40                        . = ALIGN (0x4)
                0x20001d40                        _ebss = .
                0x20001d40                        __bss_end__ = _ebss

._user_heap_stack
                0x20001d40      0x600 load address 0x08001614
                0x20001d40                        . = ALIGN (0x8)
                [!provide]                        PROVIDE (end = .)
                0x20001d40                        PROVIDE (_end = .)
                0x20001f40                        . = (. + _Min_Heap_Size)
 *fill*         0x20001d40      0x200 
                0x20002340                        . = (. + _Min_Stack_Size)
 *fill*         0x20001f40      0x400 
                0x20002340                        . = ALIGN (0x8)

/DISCARD/
 libc.a(*)
 libm.a(*)
 libgcc.a(*)

.ARM.attributes
                0x00000000       0x28
 *(.ARM.attributes)
 .ARM.attributes
                0x00000000       0x1e C:/ST/STM32CubeIDE_2.1.1/STM32CubeIDE/plugins/com.st.stm32cube.ide.mcu.externaltools.gnu-tools-for-stm32.14.3.rel1.win32_1.0.100.202602081740/tools/bin/../lib/gcc/arm-none-eabi/14.3.1/thumb/v6-m/nofp/crti.o
 .ARM.attributes
                0x0000001e       0x2c C:/ST/STM32CubeIDE_2.1.1/STM32CubeIDE/plugins/com.st.stm32cube.ide.mcu.externaltools.gnu-tools-for-stm32.14.3.rel1.win32_1.0.100.202602081740/tools/bin/../lib/gcc/arm-none-eabi/14.3.1/thumb/v6-m/nofp/crtbegin.o
 .ARM.attributes
                0x0000004a       0x2c ./Src/08_Idle_Hook.o
 .ARM.attributes
                0x00000076       0x2c ./Src/FreeRTOS/Source/list.o
 .ARM.attributes
                0x000000a2       0x2c ./Src/FreeRTOS/Source/tasks.o
 .ARM.attributes
                0x000000ce       0x2c ./Src/FreeRTOS/Source/portable/GCC/ARM_CM0/port.o
 .ARM.attributes
                0x000000fa       0x2c ./Src/FreeRTOS/Source/portable/GCC/ARM_CM0/portasm.o
 .ARM.attributes
                0x00000126       0x2c ./Src/FreeRTOS/Source/portable/MemMang/heap_2.o
 .ARM.attributes
                0x00000152       0x22 ./Startup/startup_stm32g070rbtx.o
 .ARM.attributes
                0x00000174       0x2c C:/ST/STM32CubeIDE_2.1.1/STM32CubeIDE/plugins/com.st.stm32cube.ide.mcu.externaltools.gnu-tools-for-stm32.14.3.rel1.win32_1.0.100.202602081740/tools/bin/../lib/gcc/arm-none-eabi/14.3.1/../../../../arm-none-eabi/lib/thumb/v6-m/nofp\libc_nano.a(libc_a-memset.o)
 .ARM.attributes
                0x000001a0       0x2c C:/ST/STM32CubeIDE_2.1.1/STM32CubeIDE/plugins/com.st.stm32cube.ide.mcu.externaltools.gnu-tools-for-stm32.14.3.rel1.win32_1.0.100.202602081740/tools/bin/../lib/gcc/arm-none-eabi/14.3.1/../../../../arm-none-eabi/lib/thumb/v6-m/nofp\libc_nano.a(libc_a-init.o)
 .ARM.attributes
                0x000001cc       0x1e C:/ST/STM32CubeIDE_2.1.1/STM32CubeIDE/plugins/com.st.stm32cube.ide.mcu.externaltools.gnu-tools-for-stm32.14.3.rel1.win32_1.0.100.202602081740/tools/bin/../lib/gcc/arm-none-eabi/14.3.1/thumb/v6-m/nofp\libgcc.a(_udivsi3.o)
 .ARM.attributes
                0x000001ea       0x1e C:/ST/STM32CubeIDE_2.1.1/STM32CubeIDE/plugins/com.st.stm32cube.ide.mcu.externaltools.gnu-tools-for-stm32.14.3.rel1.win32_1.0.100.202602081740/tools/bin/../lib/gcc/arm-none-eabi/14.3.1/thumb/v6-m/nofp\libgcc.a(_dvmd_tls.o)
 .ARM.attributes
                0x00000208       0x1e C:/ST/STM32CubeIDE_2.1.1/STM32CubeIDE/plugins/com.st.stm32cube.ide.mcu.externaltools.gnu-tools-for-stm32.14.3.rel1.win32_1.0.100.202602081740/tools/bin/../lib/gcc/arm-none-eabi/14.3.1/thumb/v6-m/nofp/crtn.o
OUTPUT(08_RTOS_Lab_Idle_hook.elf elf32-littlearm)
LOAD linker stubs
LOAD C:/ST/STM32CubeIDE_2.1.1/STM32CubeIDE/plugins/com.st.stm32cube.ide.mcu.externaltools.gnu-tools-for-stm32.14.3.rel1.win32_1.0.100.202602081740/tools/bin/../lib/gcc/arm-none-eabi/14.3.1/../../../../arm-none-eabi/lib/thumb/v6-m/nofp\libc.a
LOAD C:/ST/STM32CubeIDE_2.1.1/STM32CubeIDE/plugins/com.st.stm32cube.ide.mcu.externaltools.gnu-tools-for-stm32.14.3.rel1.win32_1.0.100.202602081740/tools/bin/../lib/gcc/arm-none-eabi/14.3.1/../../../../arm-none-eabi/lib/thumb/v6-m/nofp\libm.a
LOAD C:/ST/STM32CubeIDE_2.1.1/STM32CubeIDE/plugins/com.st.stm32cube.ide.mcu.externaltools.gnu-tools-for-stm32.14.3.rel1.win32_1.0.100.202602081740/tools/bin/../lib/gcc/arm-none-eabi/14.3.1/thumb/v6-m/nofp\libgcc.a

.debug_info     0x00000000     0x2a4e
 .debug_info    0x00000000      0x206 ./Src/08_Idle_Hook.o
 .debug_info    0x00000206      0x2aa ./Src/FreeRTOS/Source/list.o
 .debug_info    0x000004b0     0x1d6d ./Src/FreeRTOS/Source/tasks.o
 .debug_info    0x0000221d      0x327 ./Src/FreeRTOS/Source/portable/GCC/ARM_CM0/port.o
 .debug_info    0x00002544      0x15a ./Src/FreeRTOS/Source/portable/GCC/ARM_CM0/portasm.o
 .debug_info    0x0000269e      0x380 ./Src/FreeRTOS/Source/portable/MemMang/heap_2.o
 .debug_info    0x00002a1e       0x30 ./Startup/startup_stm32g070rbtx.o

.debug_abbrev   0x00000000      0x9c7
 .debug_abbrev  0x00000000      0x147 ./Src/08_Idle_Hook.o
 .debug_abbrev  0x00000147       0xee ./Src/FreeRTOS/Source/list.o
 .debug_abbrev  0x00000235      0x315 ./Src/FreeRTOS/Source/tasks.o
 .debug_abbrev  0x0000054a      0x1bd ./Src/FreeRTOS/Source/portable/GCC/ARM_CM0/port.o
 .debug_abbrev  0x00000707       0xb8 ./Src/FreeRTOS/Source/portable/GCC/ARM_CM0/portasm.o
 .debug_abbrev  0x000007bf      0x1e4 ./Src/FreeRTOS/Source/portable/MemMang/heap_2.o
 .debug_abbrev  0x000009a3       0x24 ./Startup/startup_stm32g070rbtx.o

.debug_aranges  0x00000000      0x3b8
 .debug_aranges
                0x00000000       0x30 ./Src/08_Idle_Hook.o
 .debug_aranges
                0x00000030       0x40 ./Src/FreeRTOS/Source/list.o
 .debug_aranges
                0x00000070      0x200 ./Src/FreeRTOS/Source/tasks.o
 .debug_aranges
                0x00000270       0x70 ./Src/FreeRTOS/Source/portable/GCC/ARM_CM0/port.o
 .debug_aranges
                0x000002e0       0x60 ./Src/FreeRTOS/Source/portable/GCC/ARM_CM0/portasm.o
 .debug_aranges
                0x00000340       0x50 ./Src/FreeRTOS/Source/portable/MemMang/heap_2.o
 .debug_aranges
                0x00000390       0x28 ./Startup/startup_stm32g070rbtx.o

.debug_rnglists
                0x00000000      0x2d7
 .debug_rnglists
                0x00000000       0x1f ./Src/08_Idle_Hook.o
 .debug_rnglists
                0x0000001f       0x2b ./Src/FreeRTOS/Source/list.o
 .debug_rnglists
                0x0000004a      0x1a7 ./Src/FreeRTOS/Source/tasks.o
 .debug_rnglists
                0x000001f1       0x51 ./Src/FreeRTOS/Source/portable/GCC/ARM_CM0/port.o
 .debug_rnglists
                0x00000242       0x43 ./Src/FreeRTOS/Source/portable/GCC/ARM_CM0/portasm.o
 .debug_rnglists
                0x00000285       0x39 ./Src/FreeRTOS/Source/portable/MemMang/heap_2.o
 .debug_rnglists
                0x000002be       0x19 ./Startup/startup_stm32g070rbtx.o

.debug_macro    0x00000000     0x455c
 .debug_macro   0x00000000      0x1bd ./Src/08_Idle_Hook.o
 .debug_macro   0x000001bd      0xac6 ./Src/08_Idle_Hook.o
 .debug_macro   0x00000c83      0x190 ./Src/08_Idle_Hook.o
 .debug_macro   0x00000e13       0x22 ./Src/08_Idle_Hook.o
 .debug_macro   0x00000e35       0x8e ./Src/08_Idle_Hook.o
 .debug_macro   0x00000ec3       0x51 ./Src/08_Idle_Hook.o
 .debug_macro   0x00000f14      0x103 ./Src/08_Idle_Hook.o
 .debug_macro   0x00001017       0x6a ./Src/08_Idle_Hook.o
 .debug_macro   0x00001081      0x1df ./Src/08_Idle_Hook.o
 .debug_macro   0x00001260       0x16 ./Src/08_Idle_Hook.o
 .debug_macro   0x00001276       0x61 ./Src/08_Idle_Hook.o
 .debug_macro   0x000012d7       0x24 ./Src/08_Idle_Hook.o
 .debug_macro   0x000012fb       0x43 ./Src/08_Idle_Hook.o
 .debug_macro   0x0000133e       0x34 ./Src/08_Idle_Hook.o
 .debug_macro   0x00001372       0x16 ./Src/08_Idle_Hook.o
 .debug_macro   0x00001388       0x3c ./Src/08_Idle_Hook.o
 .debug_macro   0x000013c4      0x364 ./Src/08_Idle_Hook.o
 .debug_macro   0x00001728       0x10 ./Src/08_Idle_Hook.o
 .debug_macro   0x00001738       0x16 ./Src/08_Idle_Hook.o
 .debug_macro   0x0000174e       0x4a ./Src/08_Idle_Hook.o
 .debug_macro   0x00001798       0x34 ./Src/08_Idle_Hook.o
 .debug_macro   0x000017cc       0x10 ./Src/08_Idle_Hook.o
 .debug_macro   0x000017dc       0x58 ./Src/08_Idle_Hook.o
 .debug_macro   0x00001834       0x8e ./Src/08_Idle_Hook.o
 .debug_macro   0x000018c2       0x1c ./Src/08_Idle_Hook.o
 .debug_macro   0x000018de      0x17e ./Src/08_Idle_Hook.o
 .debug_macro   0x00001a5c       0x16 ./Src/08_Idle_Hook.o
 .debug_macro   0x00001a72       0x16 ./Src/08_Idle_Hook.o
 .debug_macro   0x00001a88      0x146 ./Src/08_Idle_Hook.o
 .debug_macro   0x00001bce      0x1ba ./Src/08_Idle_Hook.o
 .debug_macro   0x00001d88       0x34 ./Src/08_Idle_Hook.o
 .debug_macro   0x00001dbc      0x182 ./Src/08_Idle_Hook.o
 .debug_macro   0x00001f3e      0x267 ./Src/08_Idle_Hook.o
 .debug_macro   0x000021a5       0x2e ./Src/08_Idle_Hook.o
 .debug_macro   0x000021d3       0x1f ./Src/08_Idle_Hook.o
 .debug_macro   0x000021f2       0x12 ./Src/08_Idle_Hook.o
 .debug_macro   0x00002204     0x10a3 ./Src/08_Idle_Hook.o
 .debug_macro   0x000032a7       0xc3 ./Src/08_Idle_Hook.o
 .debug_macro   0x0000336a      0x161 ./Src/08_Idle_Hook.o
 .debug_macro   0x000034cb      0x1dc ./Src/FreeRTOS/Source/list.o
 .debug_macro   0x000036a7      0x11c ./Src/FreeRTOS/Source/list.o
 .debug_macro   0x000037c3       0x9b ./Src/FreeRTOS/Source/list.o
 .debug_macro   0x0000385e       0x1c ./Src/FreeRTOS/Source/list.o
 .debug_macro   0x0000387a      0x307 ./Src/FreeRTOS/Source/tasks.o
 .debug_macro   0x00003b81       0x98 ./Src/FreeRTOS/Source/tasks.o
 .debug_macro   0x00003c19       0x16 ./Src/FreeRTOS/Source/tasks.o
 .debug_macro   0x00003c2f      0x34b ./Src/FreeRTOS/Source/portable/GCC/ARM_CM0/port.o
 .debug_macro   0x00003f7a      0x1b4 ./Src/FreeRTOS/Source/portable/GCC/ARM_CM0/port.o
 .debug_macro   0x0000412e      0x1c4 ./Src/FreeRTOS/Source/portable/GCC/ARM_CM0/portasm.o
 .debug_macro   0x000042f2      0x26a ./Src/FreeRTOS/Source/portable/MemMang/heap_2.o

.debug_line     0x00000000     0x4854
 .debug_line    0x00000000      0x75e ./Src/08_Idle_Hook.o
 .debug_line    0x0000075e      0x85f ./Src/FreeRTOS/Source/list.o
 .debug_line    0x00000fbd     0x1cc3 ./Src/FreeRTOS/Source/tasks.o
 .debug_line    0x00002c80      0x9a4 ./Src/FreeRTOS/Source/portable/GCC/ARM_CM0/port.o
 .debug_line    0x00003624      0x830 ./Src/FreeRTOS/Source/portable/GCC/ARM_CM0/portasm.o
 .debug_line    0x00003e54      0x985 ./Src/FreeRTOS/Source/portable/MemMang/heap_2.o
 .debug_line    0x000047d9       0x7b ./Startup/startup_stm32g070rbtx.o

.debug_str      0x00000000    0x16dad
 .debug_str     0x00000000    0x16dad ./Src/08_Idle_Hook.o
                              0x12dc8 (size before relaxing)
 .debug_str     0x00016dad    0x11a77 ./Src/FreeRTOS/Source/list.o
 .debug_str     0x00016dad    0x1523e ./Src/FreeRTOS/Source/tasks.o
 .debug_str     0x00016dad    0x14510 ./Src/FreeRTOS/Source/portable/GCC/ARM_CM0/port.o
 .debug_str     0x00016dad    0x117d0 ./Src/FreeRTOS/Source/portable/GCC/ARM_CM0/portasm.o
 .debug_str     0x00016dad    0x13556 ./Src/FreeRTOS/Source/portable/MemMang/heap_2.o
 .debug_str     0x00016dad       0x8e ./Startup/startup_stm32g070rbtx.o

.comment        0x00000000       0x43
 .comment       0x00000000       0x43 ./Src/08_Idle_Hook.o
                                 0x44 (size before relaxing)
 .comment       0x00000043       0x44 ./Src/FreeRTOS/Source/list.o
 .comment       0x00000043       0x44 ./Src/FreeRTOS/Source/tasks.o
 .comment       0x00000043       0x44 ./Src/FreeRTOS/Source/portable/GCC/ARM_CM0/port.o
 .comment       0x00000043       0x44 ./Src/FreeRTOS/Source/portable/GCC/ARM_CM0/portasm.o
 .comment       0x00000043       0x44 ./Src/FreeRTOS/Source/portable/MemMang/heap_2.o

.debug_frame    0x00000000      0xc08
 .debug_frame   0x00000000       0x6c ./Src/08_Idle_Hook.o
 .debug_frame   0x0000006c       0xb0 ./Src/FreeRTOS/Source/list.o
 .debug_frame   0x0000011c      0x7a0 ./Src/FreeRTOS/Source/tasks.o
 .debug_frame   0x000008bc      0x15c ./Src/FreeRTOS/Source/portable/GCC/ARM_CM0/port.o
 .debug_frame   0x00000a18       0xa0 ./Src/FreeRTOS/Source/portable/GCC/ARM_CM0/portasm.o
 .debug_frame   0x00000ab8       0xe4 ./Src/FreeRTOS/Source/portable/MemMang/heap_2.o
 .debug_frame   0x00000b9c       0x20 C:/ST/STM32CubeIDE_2.1.1/STM32CubeIDE/plugins/com.st.stm32cube.ide.mcu.externaltools.gnu-tools-for-stm32.14.3.rel1.win32_1.0.100.202602081740/tools/bin/../lib/gcc/arm-none-eabi/14.3.1/../../../../arm-none-eabi/lib/thumb/v6-m/nofp\libc_nano.a(libc_a-memset.o)
 .debug_frame   0x00000bbc       0x2c C:/ST/STM32CubeIDE_2.1.1/STM32CubeIDE/plugins/com.st.stm32cube.ide.mcu.externaltools.gnu-tools-for-stm32.14.3.rel1.win32_1.0.100.202602081740/tools/bin/../lib/gcc/arm-none-eabi/14.3.1/../../../../arm-none-eabi/lib/thumb/v6-m/nofp\libc_nano.a(libc_a-init.o)
 .debug_frame   0x00000be8       0x20 C:/ST/STM32CubeIDE_2.1.1/STM32CubeIDE/plugins/com.st.stm32cube.ide.mcu.externaltools.gnu-tools-for-stm32.14.3.rel1.win32_1.0.100.202602081740/tools/bin/../lib/gcc/arm-none-eabi/14.3.1/thumb/v6-m/nofp\libgcc.a(_udivsi3.o)

.debug_line_str
                0x00000000       0x72
 .debug_line_str
                0x00000000       0x72 ./Startup/startup_stm32g070rbtx.o
